
========================================================================================
PART 1  光载体：谱与扇区（P = S^{n/2}，只由 n 决定）
========================================================================================
1a. 闭式谱 mu_k = 2c(1-cos(2pi k/n)) + w(1-(-1)^k)  与数值对角化对照
    （把谱拆成「扇区盲项 + 奇扇区常数项」是本论文的关键一步）

       n     数值 vs 闭式 最大偏差      mu_0        |偶|   |奇|
    ------------------------------------------------------------------
       6       8.882e-16              0.0e+00       3      3
       8       2.075e-15              0.0e+00       4      4
      10       2.665e-15              0.0e+00       5      5
      20       4.441e-15              0.0e+00      10     10
      30       6.217e-15              0.0e+00      15     15
      60       5.329e-15              0.0e+00      30     30

1b. n=60 的两支 (软模拓扑保护)
      lambda_2 (偶模 k=2) = 0.043704798532   闭式 2-2cos(4pi/60) = 0.043704798532
      lambda_max (奇模)  = 5.989043790737   闭式 2+2+2cos(2pi/60) = 5.989043790737
      mu_0 = 8.305e-16 （恒零）

1c. 软模 lambda_2 对 w 完全免疫（W 扫 {0.05,...,10}）
      lambda_2 取值 = [0.043704798532, 0.043704798532, 0.043704798532, 0.043704798532, 0.043704798532, 0.043704798532, 0.043704798532, 0.043704798532]
      展布 = 4.330e-15  （机器精度量级）

========================================================================================
PART 2  光载体零参数：对合 P 的十一项检验（n=60）
========================================================================================
      P^2 = I                          : True
      P != I                           : True
      P in Aut (P A P^T = A)           : True
      [P, L] = 0                       : True
      spec(P) = {+1,-1}                : True
      tr(P) = 0                        : True
      P_+ idempotent                   : True
      P_- idempotent                   : True
      P_+ P_- = 0                      : True
      P_+ + P_- = I                    : True
      rank(P_+) = rank(P_-) = n/2      : True

========================================================================================
PART 3  源只注入一个标量：唯一通道 = w（横档 / holonomy）
========================================================================================
3a. w 通道（w = 1 -> 1+delta）：奇扇区是否严格均匀平移？偶扇区是否恒不动？
      delta     奇扇区 dmu 极差      dmu/2delta 最小~最大        偶扇区 dmu 极差
    ------------------------------------------------------------------------------------
    0.001     1.776e-15           1.000000000 ~ 1.000000000    0.000e+00
    0.010     8.882e-16           1.000000000 ~ 1.000000000    0.000e+00
    0.100     1.776e-15           1.000000000 ~ 1.000000000    0.000e+00
    0.500     8.882e-16           1.000000000 ~ 1.000000000    0.000e+00

    ⇒ 奇数 n/2 个模平移量严格相同（极差 ~1e-16），偶扇区恒不动 ⇒ **源只留一个数**。

3b. 谱形不变：减去平移量后与基准逐位比较
      delta=0.01 : max| (奇谱-2delta) - 奇谱基准 | = 8.882e-16
      delta=0.10 : max| (奇谱-2delta) - 奇谱基准 | = 8.882e-16

3c. 反例对照：环向通道 c = 1+u（证明「唯一通道 = w」不是空话）
      u         奇扇区位移极差        偶扇区位移极差        只在奇扇区？
    ----------------------------------------------------------------------------
    0.010     3.978e-02               4.000e-02              否（两扇区同动）
    0.100     3.978e-01               4.000e-01              否（两扇区同动）

    ⇒ 「只在奇扇区」+「均匀」两条同时成立 ⇒ 通道唯一被钉死在 w 上。

========================================================================================
PART 4  同调阶梯与容量判据
========================================================================================
4a. |H^1(G;Z_n)| = n^{beta_1}（n 元覆盖的个数）

      图                      V     E    beta1      Z_2 档            Z_3 档
    ----------------------------------------------------------------------------------
    C_3 (三环)                3     3     1   2                3
    K_4                     4     6     3   8                27
    Q_3 (立方体)               8    12     5   32               243
    M_6 (Mobius 梯)          6     9     4   16               81
    Y_3 闭 (核子骨架)           12    18     7   128              2187
    Y_3 开 (断一环边)           12    17     6   64               729
    M_60 (alpha 锚载体)       60    90    31   2147483648       617673396283947

4b. 容量判据：给三点环的 3 条边各贴一个 Z_N 标签，可达的「划分模式」与「最大互异标签数」？
      Z_2   可达划分模式 = [(3,), (2, 1)]      最大互异标签数 = 2   **取不到 (1,1,1)**
      Z_3   可达划分模式 = [(3,), (2, 1), (1, 1, 1)]      最大互异标签数 = 3   含 (1,1,1)，三条边可互异
      Z_4   可达划分模式 = [(3,), (2, 1), (1, 1, 1)]      最大互异标签数 = 3   含 (1,1,1)，三条边可互异

    ⇒ Z_2 只能给 {3} 或 {2+1}（(1,1,1) 不可达）；Z_3 可达 (1,1,1) ⇒ |Z_2| = 2 < 3
      ⇒ 光档在结构上不能承载三代（第 29 轮判负的群论根源）。

========================================================================================
PART 5  Z_3 挠子与阶元谱：闭 -> 开 = Z_3 -> Z_2
========================================================================================
5a. 闭态 / 开态骨架的自同构与阶元谱
      闭态: |Aut| = 36   阶1=1 阶2=15 阶3=8 阶6=12   三环轨道数 = 1
      开态: |Aut| =  4   阶1=1 阶2=3 阶3=0 阶6=0   三环轨道数 = 2

5b. 显式三阶自同构 phi: L_ij -> L_i,(j+1)%3
      保边 = True ; ord(phi)=3 = True ; phi != id = True

5c. Z_3 特征分解（顶点 / 边空间）
      空间   dim   chi(phi)   分解                     平凡权重 / 非平凡权重
    ----------------------------------------------------------------------------
      顶点      12     3        6*1 + 3*w + 3*w^2      平凡 6/12 = 0.5000 | 非平凡 6/12 = 0.5000
      边       18     0        6*1 + 6*w + 6*w^2      平凡 6/18 = 0.3333 | 非平凡 12/18 = 0.6667

========================================================================================
PART 6  能量在账本里、不在谱里
========================================================================================
6a. Y_3 骨架 闭 <-> 开（断一条环边）的签名向量
      量        闭态              开态              差              归类
    --------------------------------------------------------------------------
      V       12                12                +0               账本
      E       18                17                -1               账本
      b1      7                 6                 -1               账本
      rho     5.302775637732    5.302775637732    -4.441e-15       谱（不动）
      lam2    1.000000000000    1.000000000000    1.332e-15        谱（不动）

6b. 把全部 18 条边逐条断开，分「环边 / 股边」两类看谱量
      环边 (L-L)   断开  9 条 : rho 极差 = 2.665e-15 | lambda2 = 1.000000000 (极差 2.331e-15)
      股边 (c-L)   断开  9 条 : rho 极差 = 3.553e-15 | lambda2 = 0.527166091 (极差 2.220e-15)

    ⇒ rho = 全局严格不变量（18/18）；lambda2 = 轨道级不变量（环边轨道 vs 股边轨道不同值）。

========================================================================================
PART 7  「未打开」在两侧是同一类陈述（规范不变性）
========================================================================================
7a. 质量侧：不选 DFT 原点 ⇒ 三种选法给同一组不变量
      shift0 Q = 0.666666666667
      shift1 Q = 0.666666666667   |dQ| = 0.000e+00
      shift2 Q = 0.666666666667   |dQ| = 2.220e-16

7b. 光侧：X(phi+2pi,w) = X(phi,-w)（对映片）；X(phi+4pi,w) = X(phi,w)（4pi 闭合）
      |X(phi+2pi,w) - X(phi,-w)| = 0.000e+00
      |X(phi+4pi,w) - X(phi,w)|  = 1.110e-15

========================================================================================
PART 8  无质量性：光载体没有加性标度
========================================================================================
8a. 光载体 P：|spec| == 1，谱均值 = tr(P)/n = 0，mu_0 = 0
      n= 6 : |spec| = {1}, mean = 0.0e+00, mu_0 = 0.0e+00
      n= 8 : |spec| = {1}, mean = 0.0e+00, mu_0 = 0.0e+00
      n=20 : |spec| = {1}, mean = 0.0e+00, mu_0 = 0.0e+00
      n=60 : |spec| = {1}, mean = 0.0e+00, mu_0 = 0.0e+00

8b. 质量载体 A = c0*I + c1*S + conj(c1)*S^2：谱均值恰为 c0（自由参数）
      c0     |c1|   theta(deg)   谱均值
    --------------------------------------------------------
      0.00   0.30   40.0          -0.000000000
      0.50   0.30   40.0          0.500000000
      1.00   0.30   40.0          1.000000000
      2.00   0.30   40.0          2.000000000

    ⇒ 光载体均值恒 0（被锁）；质量载体均值 = c0（可自由拨动）。

========================================================================================
PART 9  alpha 锚：Pi_1(M_60)
========================================================================================
      Pi_1(M_60) 数值 = 0.007297458502   闭式 = 0.007297458502
      1/alpha_0 = 137.035999084000   相对偏差 = 1.452e-05
      n* (解 Pi_1(M_n) = 1/alpha_0) = 60.000436

========================================================================================
PART 10  离散 Maxwell 引擎（code/Maxwell.py 的结构读数）
========================================================================================
      D  : 12 x 8, rank(D) = 7 (= V-1)
      C  : 5 x 12, rank(C) = 5
      beta1 = E - rank(D) = 12 - 7 = 5
      P_E  : idempotent = True, symmetric = True, rank = 7
      注：C 为引擎自带的 2-链基，其行**不**满足 C@D = 0（max|C@D| = 2）⇒ 不作环的数学断言；
          rank(C) = 5 与 beta1 = 5 数值相同、**含义不同**（D1 警戒，禁互证）。
      引擎运行 Gauss 残差 max|residual| = 2.842e-14（行数 6）

========================================================================================
PART 11  质量侧对照（Koide，供论文第 4 节引用）
========================================================================================
      Q  = 0.666664463   eta^2 = 0.499996695   dev vs 2/3 = -2.203e-06
      反解 eta = 0.707104444 vs 1/sqrt2 = 0.707106781 (偏 -2.337e-06)

========================================================================================
SUMMARY
========================================================================================
saved _sre_light_origin_paper_check.json
ALL PARTS DONE.
