
====================================================================================
PART A  同调阶梯：|H^1(G;Z_n)| = n^{beta1}  —— 光档(n=2) 与 质量档(n=3)
====================================================================================
A1. 同一个梯子上的两级。n=2 档 = 对偶/双覆盖（光）；n=3 档 = 三力性（质量）。
    （第 30 轮已实测 n=3 档：C₃ 3｜K₄ 27｜Q₃ 243｜Y₃闭 2187｜Y₃开 729；本轮补 n=2 档。）

    图                   V     E   b1    |H^1(Z2)| = 2^b1        |H^1(Z3)| = 3^b1
    ----------------------------------------------------------------------------------------
    C3   (三环)               3     3    1   2                    3
    K4                      4     6    3   8                    27
    Q3   (立方体)              8    12    5   32                   243
    M6   (Möbius 梯)         6     9    4   16                   81
    Y3闭 (核子骨架)             12    18    7   128                  2,187
    Y3开 (断一环边)             12    17    6   64                   729
    M60  (Möbius 梯)        60    90   31   2,147,483,648         617,673,396,283,947

A2. 检验：n=3 档的五个读数是否严格等于 3^b1（复现第 30 轮 PART A 表）
      C3   (三环)          b1=1  →  3^b1 = 3        (期望同值)
      K4                 b1=3  →  3^b1 = 27       (期望同值)
      Q3   (立方体)         b1=5  →  3^b1 = 243      (期望同值)
      Y3闭 (核子骨架)         b1=7  →  3^b1 = 2,187    (期望同值)
      Y3开 (断一环边)         b1=6  →  3^b1 = 729      (期望同值)

A3. 读法：**光与质量不是两个机制，而是同一个梯子的相邻两级**。
    「同调阶梯」的自由参数只有一个：系数群 ℤ_n 的 n。
      n=2 → 双覆盖（2π 与 4π 的对映；Möbius）          → 光／对偶
      n=3 → 三覆盖（挠子，无原点）                      → 质量／三力性
    两者共同的母群 = U(1)（连续相位）——而 U(1) 正是电磁的规范群。

====================================================================================
PART B  光侧载体实测：M_n 上的对合 P = S^{n/2}（ℤ₂）与「扇区分裂」
====================================================================================
B1. Fork A 口径：P = S^{n/2}，P² = I，P v_k = (−1)^k v_k；k 偶 = 电子扇区，k 奇 = 光子扇区。
    本轮把它做成可复算的实测：

      P^2 = I                          : True
      P != I                           : True
      P in Aut (P A P^T = A)           : True
      P L = L P (可同时对角化)               : True
      tr(P) = (+1) 重数 - (-1) 重数        : 0.0

B2. 闭式谱 μ_k = (2+w) − 2cos(2πk/n) − w·(−1)^k（项目既有 code/_sre_downward_scope.py）
    —— 注意那个 (−1)^k 项：**它就是 ℤ₂ 分裂的痕迹**。
    数值谱 vs 闭式谱最大偏差 = 5.329e-15

    ρ (最大 Laplacian 特征值) = 5.989043790737
    对应 k = ?   k=29 或 31（奇）
    λ₂(电子扇区，k=2) = 0.043704798532   = 4sin²(2π/60) = 0.043704798532
    项目闭式 Π₁(M_n) = 4sin²(2π/n)/(2+2w+2cos(2π/n)) ⇒ M60 = 0.0072974585   (1/137.035999084 = 0.0072973526)

B3. 扇区分裂（两条公式只差一个常数 2w —— 且**只作用于奇/光子扇区**）：
      偶扇区（P=+1，电子）:  μ_k = 2      − 2cos(2πk/n)
      奇扇区（P=−1，光子）:  μ_k = 2+2w   − 2cos(2πk/n)
      k= 0  P=+1   μ_k = 0.000000000      (= base 0.000000000            )
      k= 1  P=-1   μ_k = 2.010956209      (= base 0.010956209 + 2w = 2.0 )
      k= 2  P=+1   μ_k = 0.043704799      (= base 0.043704799            )
      k= 3  P=-1   μ_k = 2.097886967      (= base 0.097886967 + 2w = 2.0 )
      k= 4  P=+1   μ_k = 0.172909085      (= base 0.172909085            )
      k= 5  P=-1   μ_k = 2.267949192      (= base 0.267949192 + 2w = 2.0 )
      k= 6  P=+1   μ_k = 0.381966011      (= base 0.381966011            )
      k= 7  P=-1   μ_k = 2.513710349      (= base 0.513710349 + 2w = 2.0 )

    ⇒ 与电子拓扑 §3.4 的 δ 指纹**严格同形**：
      μ_k(1+δ) − μ_k(1) = 2δ  (k 奇，光子扇区)  |  0  (k 偶，电子扇区)
      即：**ℤ₂ 对合把谱劈成两支，且偏移只落在光子扇区。**
      『光』在 SRE 里的离散标记 = ℤ₂；它的可观测后果 = 这个 2w 的整体平移。

====================================================================================
PART C  质量侧载体实测：Y₃ 上的循环移位 S（ℤ₃）与三扇区谱
====================================================================================
C1. 三环的循环移位 S：环标号 j → j+1（第 30 轮见证 φ: L_{i,j} → L_{i,j+1}）
      S 保边 (S ∈ Aut)         : True
      S³ = id                  : True
      S ≠ id                   : True
      ⇒ S 是**阶 3** 的保边置换，且它给出的 3 条环边同一条轨道 ⇒ 三环 = ℤ₃-挠子。

C2. 质量算子 A = c₀·1 + c₁·S + c̄₁·S²（与 S 交换 ⇔ 循环矩阵；第 32 轮实测中心化子维数 = 3 = n）
    谱：λ_k = c₀ + 2|c₁|·cos(θ + 2πk/3)，k = 0,1,2  —— 三个值由 ℤ₃ 相位 2π/3 给出。
      c0=1.0 |c1|=0.3 θ= 40.0°  ⇒  λ = (1.459627, 0.436184, 1.104189)
      c0=1.0 |c1|=0.3 θ=  0.0°  ⇒  λ = (1.600000, 0.700000, 0.700000)
        （θ=0 时退化：ℤ₃ 的三个相位给出 {c₀+2|c₁|, c₀−|c₁|, c₀−|c₁|} ⇒ **2+1**）

C3. 两侧并列（**同一形式、不同阶**）：
      ----------------------------------------------------------------------------
                                 光 / 电磁波                  质量                      
      ----------------------------------------------------------------------------
      载体图的算子                     P = S^{n/2}              S                       
      阶                          2                        3                       
      本征值                        {+1, −1}                 {1, ω, ω²}              
      谱扇区数                       2                        3                       
      参数                         (φ, w)                   (η, δ)                  
      谱公式                        μ_k = (2+w)−2cos−w(−1)^k λ_k = c₀+2|c₁|cos(θ+2πk/3)
      系数（第2/3单位根）                −1 = e^{iπ}              ω = e^{2πi/3}           
      ----------------------------------------------------------------------------

====================================================================================
PART D  闭 → 开 = ℤ₃ → ℤ₂（完整阶元谱，含阶 2 元计数）
====================================================================================
D1. 两态的置换群结构（GraphMatcher 全枚举）
      Y₃ 闭态: |Aut| = 36    V=12 E=18 b1=7
              阶元分布: 阶1: 1个  阶2: 15个  阶3: 8个  阶6: 12个
      Y₃ 开态: |Aut| = 4     V=12 E=17 b1=6
              阶元分布: 阶1: 1个  阶2: 3个

D2. 关键读数：
      ℤ₃（阶 3 元）:  闭 8 个   →   开 0 个     【ℤ₃ 归零】
      ℤ₂（阶 2 元）:  闭 15 个   →   开 3  个
      三环轨道数  :   闭 1 条   →   开 2 条 {0} | {1,2}

D3. 读法（**这是本轮的桥**）：
      **闭态（未打开）: ℤ₃ 活着 ⇒ 三力性 ⇒ 质量/三代。**
      **开态（打开）  : ℤ₃ 归零、只剩 ℤ₂ ⇒ 对偶 ⇒ 光。**
    这与电子论文【公理 I】『光是……互不湮灭的拓扑残余』**方向一致**：
      光落在『被打开 / 未闭合』的那一侧。

====================================================================================
PART E  容量判据：为什么质量必须换到 ℤ₃ 档（第 29 轮判负的根源）
====================================================================================
E1. 给三点环的 3 条边各贴一个『档标签』，问：能得到几种本质不同的模式？
    （本质不同 = 模去整体平移与整体置换）

E1b. 判据 A（档数）：三条边最多能有几种**互不相同**的标签？
      ℤ₂（光档）       值域 2 个 ⇒ 可取互异标签数 = [1, 2]    ← **取不到 3**
                   平移归一化模式 3 种： [(0, 0), (0, 1), (1, 1)]
      ℤ₃（质量档）      值域 3 个 ⇒ 可取互异标签数 = [1, 2, 3]    ← **含 3，可达**
                   平移归一化模式 6 种： [(0, 0), (0, 1), (0, 2), (1, 1), (1, 2), (2, 2)]
      ℤ₄           值域 4 个 ⇒ 可取互异标签数 = [1, 2, 3]    ← **含 3，可达**
                   平移归一化模式 10 种： [(0, 0), (0, 1), (0, 2), (0, 3), (1, 1), (1, 2), (1, 3), (2, 2), (2, 3), (3, 3)]

E2. 结论：
      **|ℤ₂| = 2 < 3 —— 三条边凑不出『三档互不相等的差分』；**
      **要点出 {1,1,1}（1+1+1 三个不同档）必须 |ℤ_n| ≥ 3，即至少 ℤ₃。**
    这正是第 29 轮的判负在群论上的根源：二值 ⇒ 三点环只能 {3} 或 {2+1}。
    也说明：**光（ℤ₂ 档）在结构上不能承载三代 —— 这是『换系数群』的硬理由，不是偏好。**

====================================================================================
PART F  两侧的「未打开」：都是『不固定原点』
====================================================================================
F1. 质量侧（第 32 轮已实测）：『打开』= 选 DFT 原点（3 种选法）
      ⇒ 三种原点给出的不变量差 ≤ 2.2e−16 ⇒ **打开是规范（冗余），不是新信息**。

F2. 光侧（本轮实测）：Möbius 参数化的原点识别
      φ=0.0 :  |X(φ+2π,w) − X(φ,−w)| = 1.84e-16   |X(φ+4π,w) − X(φ,w)| = 6.12e-16
      φ=0.7 :  |X(φ+2π,w) − X(φ,−w)| = 0.00e+00   |X(φ+4π,w) − X(φ,w)| = 1.11e-15
      φ=1.9 :  |X(φ+2π,w) − X(φ,−w)| = 1.11e-16   |X(φ+4π,w) − X(φ,w)| = 2.22e-16
      φ=3.3 :  |X(φ+2π,w) − X(φ,−w)| = 6.66e-16   |X(φ+4π,w) − X(φ,w)| = 3.61e-16

      ⇒ φ 与 φ+2π **不是同一个点**，而是『对映片上的同一点』（w→−w）。
         与质量侧的『挠子无原点』是**同一类陈述**：
           · 质量：ℤ₃ 的原点不可观测（只给等变类）
           · 光  ：ℤ₂ 的对映片不可区分（只给 4π 闭合）
     两者都 = 『**未打开**』：不预先固定一个原点，只输出规范不变量。

F3. 电磁波侧的 SRE 实现（code/Maxwell.py『规范协变闭合』引擎，离散胞复形）：
      D (关联矩阵, 边×顶点) = (12, 8)  ⇒ rank(D) = 7 = V−1（连通）
      C (环-边关联, 环×边) = (5, 12)  ⇒ 独立环数 = 5 ⇒ β₁ = E − rank(D) = 5
      P_E = D(DᵀD)⁻¹Dᵀ :  幂等 P²=P = True | 对称 Pᵀ=P = True | rank = 7
      残差 LHS=Div(E_graph), RHS=Q_static 之差 ⇒ run code/Maxwell.py 实测 ~1e−14 = 机器 eps
      ⇒ 『规范协变闭合』的数学内容 = 投影算子 P_E 幂等 ⇒ 场演化被锁在链空间（规范轨道）内。
      ⇒ 与质量侧的『不变量投影』**同型**：两者都靠一个**幂等投影**把结果限制在物理子空间。
      ⚠ 数字巧合警示（D1 警戒）：rank(P_E) = 7 = V−1（0-形式像空间维数），
         与骨架 β₁ = 7（1-同调维数）**数值相同、含义不同** ⇒ **禁止互证**。

====================================================================================
PART G  物理对照（登记为**候选**，非结论）
====================================================================================
G1. 可点数（已证，模型内）：
      ℤ₂ 档扇区数 = 2   ；   ℤ₃ 档扇区数 = 3

G2. 与观测量的**结构**对照（候选，需独立判据才可升级）：
      光子的物理偏振态数   = 2   ↔  ℤ₂ 的两个扇区
      三代费米子           = 3   ↔  ℤ₃ 的三个扇区
      『光子无质量』        ↔  光侧没有 ℤ₃ 挠子（只有对合）        【候选】

    ⚠ 三条都只是**结构同向**。第 3 条尤其只有『没有 ℤ₃ ⇒ 没有那种未打开的循环』这层意思，
      且光子的『无质量』在标准模型里另有来源（规范不变性 + 只两个横向自由度）。不得混用。

====================================================================================
PART H  同名不同义排查（本项目的老坑）
====================================================================================
H1. 项目里存在**两个 δ**，极易混淆：
      δ_A（电子拓扑线，§3）：δ = w*−1 = **ℤ₂ holonomy 通道的耦合强度**；
           性质：**度量参数**、连续、『δ 不改变 barcode』、需 α* 输入；
           指纹：只抬升光子扇区，每模 +2δ。
      δ_B（第 32 轮质量线）：**相位**（DFT 原点相对量），取模 2π/3；
           性质：**规范（冗余）**，对不变量零影响（实测 ≤2.2e−16）。
      ⇒ **一个是度量，一个是规范；不可互换。** 本报告一律写作 δ_A / δ_B。

H2. 另有『Π₁』的两种用法：
      电子/锚点线：Π₁ = λ₂/ρ（谱投影，Möbius 闭式）；
      核子线     ：Π₁ 为骨架闭合度（Y₃ = 0.188580485）。
      ⇒ 数值不同、载体不同，引用时必须带图名。

H3. 「打开」也有两种含义（第 32 轮已登记）：
      (i) 选原点 = 规范（不改不变量）；
      (ii) 闭态→开态断环 = **真实破缺 ℤ₃→ℤ₂**。
      本报告 PART F 说的是 (i)；PART D 说的是 (ii)。

====================================================================================
PART I  裁决
====================================================================================
  Q: 「质量 = 未打开的循环算子」是否**恰好**就是 SRE 对光/电磁波的描述？

  严格答案分三层：

  ① **形式同源 —— 是。**
     两侧都是『图的线性算子在 ℤ_n 等变性下的分解』：
       光 : P = S^{n/2}, P²=I ⇒ 谱劈成 2 支（偶/奇 = 电子/光子扇区），两支差 2w；
       质量: S,          S³=I ⇒ 谱给 3 支（cos(θ+2πk/3)）。
     两侧的『未打开』是同一件事：不固定原点 ⇒ 只输出规范不变量。

  ② **结构不同 —— 否。**
     ℤ₂ ≇ ℤ₃（阶不同）。**不是同一个结构，而是同一个同调阶梯 |H¹(ℤ_n)|=n^β₁ 的相邻两级。**
     因此不能说『恰好一致』；准确说法是『**同一机制，换了一个系数群**』。

  ③ **母群相同 —— 是。**
     ℤ₂, ℤ₃ ⊂ U(1)，而 U(1) 就是电磁的规范群。
     ⇒ 在这个意义上，**质量与光共享同一个相位母群**；
        光 = U(1) 的 2 阶子群，质量 = U(1) 的 3 阶子群。

  容量判据（可点数，硬事实）：|ℤ₂| = 2 < 3 ⇒ **光档在结构上无法承载三代**；
        这正是质量必须换到 ℤ₃ 档的理由（= 第 29 轮判负的群论根源）。

saved _sre_light_mass_correspondence.json

====================================================================================
EXIT OK
====================================================================================
