
======================================================================================
PART A  光载体：一个整数决定一切（0 个连续自由参数）
======================================================================================
A1. 闭式谱 mu_k = 2c(1 - cos(2*pi*k/n)) + w(1 - (-1)^k)  与数值谱对照
    （把谱写成这个形式是**本轮的关键一步**：它把「源通道」分成了两项 —— 先看数值是否对得上）

      n    数值谱 vs 闭式谱 最大偏差     mu_0(恒零?)      奇偶两支
    ------------------------------------------------------------------------------
       6      8.882e-16                  0.0e+00        |偶|= 3  |奇|= 3
       8      2.075e-15                  0.0e+00        |偶|= 4  |奇|= 4
      10      2.665e-15                  0.0e+00        |偶|= 5  |奇|= 5
      20      4.441e-15                  0.0e+00        |偶|=10  |奇|=10
      30      6.217e-15                  0.0e+00        |偶|=15  |奇|=15
      60      5.329e-15                  0.0e+00        |偶|=30  |奇|=30

A2. 对合 P = S^{n/2}（n=60）—— 扇区结构的**唯一**来源，只由 n 决定
      P^2 = I                            : True
      P != I                             : True
      P in Aut (P A P^T = A)             : True
      [P, L] = 0（可同时对角化）                 : True
      spec(P) 恰为 {+1, -1}                : True
      tr(P) = 0（两支等重）                    : True
      P_+ 幂等                             : True
      P_- 幂等                             : True
      P_+ P_- = 0（正交）                    : True
      P_+ + P_- = I                      : True
      rank(P_+) = rank(P_-) = n/2        : True

A3. 参数计数（这是本轮要的答案里最硬的一条）

    载体                 决定它的输入            连续自由参数
    ------------------------------------------------------------------
    光：对称性载体 P       一个整数 n               0（谱被锁成 {+1,-1}）
    光：谱标度 (c, w)      ——                      2，但只有 w 是「光专属」
    质量：算子 A           Re c0, Re c1, Im c1      3（不变量 2：c0 与 |c1|）

    ⇒ 光载体 P **没有位置可以放源**：它由 n 完全决定，不含任何连续输入。
      （对照：质量算子 A 的自由度 (c0, |c1|) 才是「账本」的落点。）

======================================================================================
PART B  源只注入一个数：唯一通道 与 「谱形不变」
======================================================================================
B1. 先把谱的两项分清楚（本轮的解析核心）
        mu_k = 2c(1 - cos(2*pi*k/n))  +  w(1 - (-1)^k)
               ^^^^^^^^^^^^^^^^^^^^     ^^^^^^^^^^^^^
               扇区盲项（c 通道）        奇扇区常数项（w 通道）

    · c 通道（环向权）：**两个扇区一视同仁**，且逐模位移 ∝ (1-cos(2πk/n)) —— 非均匀；
    · w 通道（横档/holonomy）：**只在奇扇区**，且是**纯常数平移 2w** —— 无形状。

B2. w 通道实测：平移是否严格均匀？（对照项目 §3.4 的 delta 指纹）
      delta    奇扇区 Δmu 极差     奇扇区 Δmu/2δ 最小~最大        偶扇区 Δmu 极差
    ------------------------------------------------------------------------------------
    0.001     1.776e-15             1.000000000 ~ 1.000000000    0.000e+00
    0.010     8.882e-16             1.000000000 ~ 1.000000000    0.000e+00
    0.100     1.776e-15             1.000000000 ~ 1.000000000    0.000e+00
    0.500     8.882e-16             1.000000000 ~ 1.000000000    0.000e+00

    ⇒ 奇扇区**全部 n/2 个模**平移量严格相同（极差 ~1e-16 = 机器精度）；偶扇区恒不动。
      这就是「源在光侧只留下一个数」的直接实测：**源进不来形状，只进得来大小。**

B3. 「谱形不变」的直接检验：减去平移量后与基准逐位相同
      delta=0.01 : max| (奇谱 - 2δ) - 奇谱基准 | = 8.882e-16
      delta=0.10 : max| (奇谱 - 2δ) - 奇谱基准 | = 8.882e-16

    ⇒ 光的谱形**逐位不变**。换言之：**在光侧，源不可见，只可闻其声（振幅）。**

B4. 对照实验（反例）：环向通道 c 就不是这样
      u (c=1+u)   奇扇区位移类型            偶扇区位移类型        是否只在奇扇区？
    ------------------------------------------------------------------------------------
    0.010       非均匀（极差 3.98e-02）     非均匀（极差 4.00e-02）  否（两扇区同时动）
    0.100       非均匀（极差 3.98e-01）     非均匀（极差 4.00e-01）  否（两扇区同时动）

    ⇒ 判据：**「只在奇扇区」+「均匀」两条同时成立 ⇒ 通道唯一 = w（横档 / holonomy）。**
      （c 通道要么两扇区同动，要么给出非均匀位移 —— 两条都过不了。）

======================================================================================
PART C  无质量性：光载体没有加性标度（迹为零）
======================================================================================
C1. 光载体 P：|本征值| 恒 = 1，谱均值 = tr(P)/n = 0

      n     |spec(P)| 取值        mean(spec P)        mu_0(光载体谱的零模)
    ------------------------------------------------------------------------
       6      {-1,1}              0.0e+00              0.0e+00
       8      {-1,1}              0.0e+00              0.0e+00
      20      {-1,1}              0.0e+00              0.0e+00
      60      {-1,1}              0.0e+00              0.0e+00

    ⇒ 光载体谱**恒有零模**（mu_0 = 0）、且 |本征值| ≡ 1 ⇒ **没有加性自由常数 c0**。

C2. 对照：质量载体 A = c0*I + c1*S + conj(c1)*S^2，其**谱均值恰为 c0**（c0 是自由参数）

      c0     |c1|    theta(deg)   谱                                         谱均值
    ----------------------------------------------------------------------------------------
    0.00   0.30    40.0          (-0.563815572, 0.104188907, 0.459626666)   -0.000000000
    0.50   0.30    40.0          (-0.063815572, 0.604188907, 0.959626666)   0.500000000
    1.00   0.30    40.0          (0.436184428, 1.104188907, 1.459626666)   1.000000000
    2.00   0.30    40.0          (1.436184428, 2.104188907, 2.459626666)   2.000000000
    1.00   0.00    0.0           (1.000000000, 1.000000000, 1.000000000)   1.000000000

    ⇒ 质量载体谱均值**精确等于 c0**（自由参数）；光载体均值**精确为 0**（被锁）。

C3. 结论（与既有条目互证，注意这是**同一结论的两种说法**，非两条独立证据）：
    · 本轮 C1-C2：光载体无加性标度，质量载体有 ⇒ c0 就是那个「须外部输入」的维。
    · 既有 _sre_boson_transition.py PART D：『rho 是过渡不变量 ⇒ 纯过渡无质量 ⇒ 光子唯一』。
    · 第 32/33 轮：绝对标度 c0 ∈ SRE 外（SRE 只给比值）。
    三者指向同一位置：**质量需要一个 SRE 给不出的标度；光不需要。**

======================================================================================
PART D  能量在账本里、不在谱里 —— 这才是「化学与核同机制」的根据
======================================================================================
D1. Y3 骨架 闭 ↔ 开（断一条环边）的签名向量实测

      量       闭态            开态            差             归类
    ------------------------------------------------------------------------
    V       12              12              +0              账本
    E       18              17              -1              账本
    b1      7               6               -1              账本
    rho     5.302775638     5.302775638     -4.441e-15      谱
    lam2    1.000000000     1.000000000     1.332e-15       谱

    ⇒ **账本量动（E: -1, beta1: -1），谱量不动（rho, lambda2 极差 ~1e-16）。**

D1b. 稳健性：把**每一条边**逐条断开（共 18 条），分「环边 / 股边」两类看谱量是否不动
      环边 (L-L)   断开 9 条 :  rho 极差 = 2.665e-15  |  lambda2 极差 = 2.331e-15  (lambda2 ∈ [1.000000000, 1.000000000])
      股边 (c-L)   断开 9 条 :  rho 极差 = 3.553e-15  |  lambda2 极差 = 2.220e-15  (lambda2 ∈ [0.527166091, 0.527166091])
      基准（闭态）: rho = 5.302775637732 , lambda2 = 1.000000000000

      ⇒ **rho：两类边都不动（极差 ~1e-15）⇒ 全局严格不变量**（复现并加强项目 §4）。
        **lambda2：在同一类边内严格不变（每类 9 条，极差 ~1e-15），但两类给出不同值**
        （环边 1.000000000 vs 股边 0.527166091）——
        这是本轮必须如实登记的**精化**：
        **rho = 全局不变量；lambda2 = 轨道级不变量（只依赖边的 Aut-轨道，不依赖具体哪条边）。**
        故 λ₂ 的不变性**不可**写成「对断哪条边都免疫」。

D2. 判读：这是「化学能」与「核能」能被同一套话描述的真正原因 ——
    · **能量**（释出多少）住在**账本**里（差值 E/beta1/T）；
    · **光的载体**住在**谱不变量**里（rho / lambda2 / 扇区结构）；
    · 二者**正交** ⇒ 源（哪一层发生过渡）**只改账本，不改载体**。
    化学：过渡发生在 L1/L2（电子-分子层）；核：过渡发生在 L3（核层）。载体同一个。

D3. ⚠ 禁止挪用（同名不同义，本轮新增一条）
    项目既有「三层跨度 13.40 量级」（L1 -2.30 / L2 -0.09 / L3 +11.10）是**衰变率对环境**
    的**敏感度**跨度，**不是光子能量跨度**。两者物理量不同 ⇒ **禁互相引用**。

D4. 外部输入（标注为**外部**，非本轮实测、非 SRE 输出）：
    · 原子/分子发光的特征能量量级 ~ 1–10 eV（化学键能同量级）；
    · 核 gamma 的特征能量量级 ~ 0.1–10 MeV。
    ⇒ 比值 ~1e5–1e6。**这是源的账本量级，SRE 侧没有对应读数**（同 c0 缺口）。

======================================================================================
PART E  统一命题与可证伪判据
======================================================================================
E1. 统一命题（本轮结论）

    一次发光 = 一次**闭→开过渡**。其中：
      (i)  过渡的**账本差**承载能量（E/beta1/T 各 -1）—— 量纲化须外部输入；
      (ii) 过渡的**谱不变量**承载光的载体（rho / lambda2 / P 的奇扇区）；
      (iii) 源（化学的电子重组 / 核的能级跃迁）**只能**通过 w 通道注入一个标量，
            因为「只在奇扇区 + 均匀平移」这一对性质把通道唯一地钉死在 w 上（PART B）。

E2. 由此得到的可证伪判据（零参数）
      J1. **载体同一**：化学来源与核来源的光，在 SRE 载体上必须结构同一，
          只允许在 w 的大小（振幅）上不同。若发现任一结构差 ⇒ 命题失败。
      J2. **形状不变**：源强度的变化只能平移光子扇区，不得改变其谱形
          （PART B3 实测：谱形逐位不变，残差 ~1e-16）。
      J3. **不越界**：不得把光的载体量（rho/lambda2）当作能量读数，反之亦然（PART D2）。

E3. 「看起来不同」但不属于载体的量（全部归 L2 映射 / 源账本）
      能量、偏振态、角分布、相干时间、谱线宽度 —— 都是**源与环境的账本**，
      不是载体属性。把它们混进载体，就是第 32 轮警告过的「打开层越界」。

======================================================================================
PART F  诚实边界
======================================================================================
F1. 本轮全部读数为**模型内结构实测**（闭式谱 + 矩阵构造双重核对），无任何实验数据拟合。
F2. 「化学光与核光同一载体」是**结构同源**（同一 P、同一奇扇区），
    不是两套物理机制的等价性证明；也未给出任何能量数值预言。
F3. 闭式谱 mu_k = 2c(1-cos) + w(1-(-1)^k) 是本人由加权 Möbius 阶梯**推导并数值核对**的；
    它与项目既有闭式（第 35 轮引 code/_sre_downward_scope.py：mu_k=(2+w)-2cos-w(-1)^k）
    在 c=1 时等价 —— 本轮只是把 c 显式分离出来，以便比较「通道」。
F4. D4 的 eV / MeV 是**外部参考量级**，非本轮实测、非 SRE 输出，仅用于说明「区别在账本」。
F5. PART B4 的「通道唯一」限定在**保 P 对称性的线性扰动族**内；非线性/破坏对称的源
    未在本轮范围内，须另立一轮。
F6. 「光 = 残余」是项目公理（Axiom I），本轮沿用它，未重新论证。
F7. **本轮对既有结论做了一处精化（不是推翻）**：
    项目 §3/§4 记「开态断一环边 ⇒ rho、lambda2 不变」。本轮逐边实测 18 条发现：
      · rho  —— 全局严格不变量（18/18，极差 ~1e-15）；
      · lambda2 —— **轨道级**不变量：环边轨道给 1.000000000、股边轨道给 0.527166091，
        同轨道内 9/9 严格相同（极差 ~1e-15）。
    ⇒ 原表述在「断环边」这一语境下正确；但若推广到任意边则不成立。
      本轮不改既有文档，仅登记此精化，并按项目纪律**双写**（本脚本 + 记忆）。

saved _sre_light_source_universality.json
