==========================================================================
(a) c(λ) 的标度随观察窗的移动
==========================================================================
  λ      c(窗口100-399) c(窗口200-799) 比值          
  0.2    1.33302      1.42575      1.0696      
  0.4    0.99198      1.02475      1.0330      
  0.6    0.80379      0.82121      1.0217      
  0.8    0.68987      0.69403      1.0060      
  1.0    0.60653      0.60732      1.0013      
  1.5    0.47261      0.46687      0.9879      
  2.0    0.39235      0.38504      0.9814      
  3.0    0.30052      0.29007      0.9652      
  窗口 100-399：ln c 对 ln λ 的斜率 = -0.5549  截距 -0.5359
  窗口 200-799：ln c 对 ln λ 的斜率 = -0.5914  截距 -0.5330

==========================================================================
(b) 变体核 ratio' = λd/(E+1)^2 ：是否失控冻结
==========================================================================
  n        Ω'           ⟨E⟩          对照组 Ω       
  100      0.344778     9.087200     0.684338    
  200      0.363154     12.245500    0.742764    
  400      0.375944     16.853600    0.792840    
  600      0.381696     20.516022    0.817723    
  800      0.385128     23.532200    0.834268    
  1000     0.386770     26.213920    0.846201    
  1099     0.387804     27.439685    0.850685    

  变体核 ln Ω' 对 ln n 的斜率 = 0.0380
  若为负且不趋于平稳 ⇒ Ω' → 0 ⇒ 涌现时间确实停摆（相变到冻结相）。

