  n      Omega        1-Omega      ret_mean     meanE     
  1      0.285714     0.714286     0.714286     1.0000    
  2      0.361810     0.638190     0.603865     1.0000    
  3      0.317681     0.682319     0.714286     1.6667    
  5      0.340701     0.659299     0.714286     2.6000    
  10     0.402329     0.597671     0.620970     4.1200    
  20     0.497811     0.502189     0.505618     4.7700    
  50     0.624903     0.375097     0.327103     6.3136    
  100    0.684338     0.315662     0.252918     8.8584    
  150    0.717652     0.282348     0.215570     10.8149   
  200    0.742764     0.257236     0.188867     12.2314   
  300    0.773238     0.226762     0.156628     14.7839   
  400    0.792840     0.207160     0.136664     16.8978   
  419    0.795503     0.204497     0.133929     17.3065   

  log-log slope of (1-Omega) vs n  = -0.3099
    n^-0.5         c=3.669878   max rel resid =  16.260%
    ln n / n^0.5   c=0.689965   max rel resid =   0.975%
    n^-0.4         c=2.157427   max rel resid =   8.321%
    n^-0.6         c=6.210353   max rel resid =  24.135%

  per-age profile at n=400 (d, count, meanE, mean_ret):
    d=1     cnt=799      E=16.5607   ret=0.916912 
    d=41    cnt=719      E=15.9611   ret=0.298563 
    d=81    cnt=639      E=16.0438   ret=0.189057 
    d=121   cnt=559      E=16.9589   ret=0.143142 
    d=161   cnt=479      E=16.2004   ret=0.108228 
    d=201   cnt=399      E=15.8095   ret=0.087633 
    d=241   cnt=319      E=16.3386   ret=0.076606 
    d=281   cnt=239      E=17.9749   ret=0.071282 
    d=321   cnt=159      E=18.8428   ret=0.065782 
    d=361   cnt=79       E=18.2278   ret=0.052961 
