
########## 第78轮：涌现时间 —— Ω 饱和律、普适性与双钟不可共存 ##########

==============================================================================
[PART 0] 定义清算：先把「时间」这个词拆开
==============================================================================
  本轮之前，框架里已经有两个互不相同的「时间」：
    (a) t_ext = n          —— 演化步数（外部计数时间）
    (b) τ_mem(n) ∝ √n      —— 第77轮内禀时间，以记忆视界 H 校钟
  第77轮 §9 的纪律是「禁止把 n 直接当作时间」。本轮引入第三个，
  并把三者并列登记（同名不同义，第 3 例）：

    (c) T_em(n) = Σ_{k<n} Ω(k)，Ω(k) = ⟨改写率⟩_{全部 k² 个元素}
        —— 以「世界每步实际改变了多少」校钟的**涌现时间**。

  为什么 Ω 才是「人类所认知的时间」：操作主义的时间定义从来不是
  「读一个外加的参数」，而是「用某个被认为均匀的过程去数变化」。
  用户命题的原文是：休眠率／激活率**被观测为**世界变化 ⇒ 时间涌现。
  把它翻译成可判定的式子，就是：

     第 n 步所值的时间  := 该步世界的变化量 Ω(n)
     T_em(n) := Σ_{k<n} Ω(k)

  于是「时间为什么恒定」变成一个**可计算**的问题，而不是形而上学：
     时间恒定 ⟺ Ω(n) → const（变化率饱和）
     时间非均匀 ⟺ Ω 随 n 漂移

  符号纪律（承接第77轮名实反转）：
     dorm / ρ_ret = 1/(1+ratio)     —— 名为休眠，**实为历史保留率**
     p_matrix / a = ratio/(1+ratio) —— 每步**改写概率**
     Ω := ⟨a⟩ = 1 - ⟨ρ_ret⟩          —— 世界变化量

==============================================================================
[PART 1] T1 涌现时间的定义与饱和
==============================================================================
  n      Ω            1-Ω          ⟨ρ_ret⟩      ⟨E⟩       
  1      0.285714     0.714286     0.714286     1.0000    
  2      0.361810     0.638190     0.638190     1.0000    
  5      0.340701     0.659299     0.659299     2.6000    
  10     0.402329     0.597671     0.597671     4.1200    
  20     0.497811     0.502189     0.502189     4.7700    
  50     0.624903     0.375097     0.375097     6.3136    
  100    0.684338     0.315662     0.315662     8.8584    
  200    0.742764     0.257236     0.257236     12.2314   
  400    0.792840     0.207160     0.207160     16.8978   
  600    0.817723     0.182277     0.182277     20.5029   
  800    0.834268     0.165732     0.165732     23.5203   
  999    0.846003     0.153997     0.153997     26.1725   

  Ω 是**每步被实现**的随机量，逐步比较必受散粒噪声干扰；
  故单调性按**块均值**（每 50 步）判定——这是预先声明的做法：
    100-149:0.701790  150-199:0.729869  200-249:0.750686  
    250-299:0.765934  300-349:0.778316  350-399:0.788034  
    400-449:0.796520  450-499:0.803744  500-549:0.809675  
    550-599:0.815156  600-649:0.819943  650-699:0.824748  
    700-749:0.828762  750-799:0.832327  800-849:0.835823  
    850-899:0.838943  900-949:0.842022  950-999:0.844839  
  块均值（n>=100，每 50 步一块）单调不降：是
  Ω(200)=0.742764 → Ω(999)=0.846003，缺口 1-Ω(999) = 0.153997

  自洽校验（年龄剖面加权 vs 直接平均）：
    n=100   剖面 0.6843375024   直接 0.6843375024   差 0.000e+00
    n=400   剖面 0.7928403028   直接 0.7928403028   差 2.220e-16
    n=999   剖面 0.8460028610   直接 0.8460028610   差 1.110e-16

  T1：Ω 单调升至饱和 成立（自洽 2.22e-16，999 步处缺口 0.1540）

==============================================================================
[PART 2] T2 饱和律：缺口 1-Ω 的精确形态
==============================================================================
  零参数合成：①第77轮命题1 ⇒ #(d)=2(n-d)+1（纯组合，与动力学无关）
              ②第77轮 E5  ⇒ E_ij 服从 iid |S_n| ⇒ ⟨E⟩=√(2n/π)
  两者相乘即得 ⟨ρ_ret⟩，无需拟合任何常数。下面先给数值预测再给形态。

  n      1-Ω 实测         零参数预测          相对偏差      
  100    0.31566250     0.31046217     1.65      %
  200    0.25723630     0.25440205     1.10      %
  300    0.22676201     0.22513585     0.72      %
  400    0.20715970     0.20596445     0.58      %
  500    0.19297907     0.19198957     0.51      %
  600    0.18227710     0.18113989     0.62      %
  700    0.17304150     0.17235711     0.40      %
  800    0.16573172     0.16503242     0.42      %
  900    0.15937813     0.15878565     0.37      %
  999    0.15399714     0.15356093     0.28      %

  形态判定（对 n>=100 拟合 1-Ω = c·f(n)，报最大相对残差）：
    n^-0.5         c=3.990929    max rel resid =   26.430%
    ln n / √n      c=0.694157    max rel resid =    1.589%
    n^-0.4         c=2.248210    max rel resid =   12.879%
    (ln n)^2/√n    c=0.116210    max rel resid =   22.315%

  最优形态：1-Ω = 0.694157 · ln n / √n，最大相对残差 1.589%
  为什么是 ln：年轻层 d ≲ H∝√n 保留率≈1，其权重 ~(2H)/n；
  老层按 1/d 衰减，Σ 1/d 给 ln。故 ln n/√n 是调和尾巴的指纹。

  T2：零参数预测最大偏差 1.65%；最优形态 ln n / √n（残差 1.589%）

==============================================================================
[PART 3] T3 涌现时间的均匀性：相对步进非均匀度
==============================================================================
  定义「第 n 步所值的时间」= Ω(n)，则相邻两步不等价 ⇒ 时间不均匀。
  相对步进非均匀度：  η(n) = |Ω(n+1)-Ω(n)| / Ω(n)
  时间涌现为**均匀** ⟺ η(n) → 0。下面测它收敛得多快。

  由 T2 的饱和律可直接微分出理论非均匀度：
     Ω(n) = 1 - c·ln n/√n  ⇒  dΩ/dn = c·(ln n/2 - 1)/n^{3/2}
     η_pred(n) = c·(ln n/2 - 1) / ( n^{3/2}·Ω(n) )   —— 零自由参数（c 已由 T2 定）

  n      η 平滑(±10)      η 预测           比值        
  50     4.2266e-03     3.0037e-03     1.4071    
  100    1.3945e-03     1.3213e-03     1.0554    
  200    5.4691e-04     5.4491e-04     1.0037    
  400    2.3782e-04     2.1842e-04     1.0888    
  600    1.1083e-04     1.2698e-04     0.8728    
  800    8.8775e-05     8.6131e-05     1.0307    
  980    6.1016e-05     6.5424e-05     0.9326    

  η 从 4.227e-03 (n=50) 降到 6.102e-05 (n=980)，下降 69.3 倍
  η/η_pred 落在 [0.873, 1.407] ⇒ 收敛律 η ∝ (ln n/2-1)/n^{3/2} 得到确认，
  且这是**由饱和律微分而来**的，不是另一次拟合。

  T_em 与 t_ext 的关系（这是第77轮纪律的严格版本）：
    n=100   T_em=57.3413    T_em/n=0.573413    1-T_em/n=0.426587
    n=400   T_em=283.0727    T_em/n=0.707682    1-T_em/n=0.292318
    n=999   T_em=776.8517    T_em/n=0.777629    1-T_em/n=0.222371

  ⇒ 「涌现时间 ∝ 步数」是**渐近成立、有限 n 处严格不成立**的：
     T_em(n) = n - O(√n ln n)。第77轮禁止的是*无条件*把 n 当时间；
     本轮不允许绕过该纪律，只是把「n 与内部时间何时同阶」算了出来。

==============================================================================
[PART 4] T4 个体差异：一个元素一生的时间是**加速**的
==============================================================================
  固定当前步 n，扫该元素的年龄 d：改写率 a(d) = λd/(E+1+λd)。
  同一时刻，年轻元素「几乎不变」，老元素「每步都在变」——
  即网络内部存在 differential aging，且每个元素自己也会走完这条曲线。

  n = 100（a = 1-⟨ρ_ret⟩ 为该年龄层的平均改写率）
    年龄 d     层权重          a(d)          
    1        199          0.139768      
    13       175          0.596166      
    26       149          0.729099      
    51       99           0.824956      
    76       49           0.886612      
    100      1            0.441989         <- 唯一对角角点：E_ii=n 精确（第77轮命题2），故不随同层趋势
    半衰年龄 H_eff = 9 ；H_eff/√n = 0.9000

  n = 400（a = 1-⟨ρ_ret⟩ 为该年龄层的平均改写率）
    年龄 d     层权重          a(d)          
    1        799          0.083088      
    51       699          0.728347      
    101      599          0.827560      
    201      399          0.912367      
    301      199          0.929344      
    400      1            0.443828         <- 唯一对角角点：E_ii=n 精确（第77轮命题2），故不随同层趋势
    半衰年龄 H_eff = 17 ；H_eff/√n = 0.8500

  n = 999（a = 1-⟨ρ_ret⟩ 为该年龄层的平均改写率）
    年龄 d     层权重          a(d)          
    1        1997         0.058931      
    125      1749         0.804968      
    250      1499         0.884809      
    500      999          0.940564      
    750      499          0.957750      
    999      1            0.444197         <- 唯一对角角点：E_ii=n 精确（第77轮命题2），故不随同层趋势
    半衰年龄 H_eff = 23 ；H_eff/√n = 0.7277

  ⇒ 元素诞生时改写率 ≈0（时间近乎停滞），活到自己年龄 ~√n 时改写率 ≈1/2，
     再往后每步都在被改写。**单个成员的钟不是匀速的。**
     而整体 Ω(n) 之所以能走向匀速，正因为年龄分布在 n 拉伸下是**自相似**的
     （命题1 的权重 #(d)=2(n-d)+1 只依赖 d/n），各层此消彼长恰好抵消。

  T4：改写率随自身年龄单调上升成立

==============================================================================
[PART 5] T5 联合结构：77→78 预注册的唯一正当出口
==============================================================================
  动手前先纠正一个容易犯的错：把「联合零假设」直接取成「完全 iid」是
  **错误的零假设**——更新规则本身（对称性 + 逐列乘积 + 复位即冻结）
  会在**没有任何历史记忆**的前提下照样造出相关。真正要问的是两件事：

    T5a 结构：M 的联合分布是否就在「iid 对称 ±1」上？
    T5b 记忆：状态对**它自己走过哪条历史**是否携带信息？

  T5a 与 T5b 是**两回事**：T5a 可能被拒斥而 T5b 仍成立——
  即「有结构、但无记忆」。下面分别裁决。

  对照体（T5a 用）：
    真 实 ：K 条独立 SRE 历史（不同 seed）
    替代 ：R 个 **iid 对称 ±1 随机矩阵**（完全无历史、无结构）

  --- n = 150 ---
    统计量          真实 均值±σ          替代 均值±σ          gap/σ_real  KS       p       
    mean_absE    9.8442±0.1274    9.7549±0.1045    0.70        0.5250   0.0369  
    std_absE     7.4541±0.0828    7.4058±0.0658    0.58        0.3750   0.2628  
    q50          8.0000±0.0000    8.0000±0.0000    inf         0.0000   1.0000  
    q90          20.0000±0.0000   20.0000±0.0000   inf         0.0000   1.0000  
    rowsum_var   1.9446±0.1060    1.0170±0.1200    8.75        1.0000   0.0000  
    frac_pos     0.5020±0.0059    0.5016±0.0039    0.07        0.4250   0.1488  
    lmax         1.9881±0.0419    1.9606±0.0373    0.66        0.3750   0.2628  

  --- n = 300 ---
    统计量          真实 均值±σ          替代 均值±σ          gap/σ_real  KS       p       
    mean_absE    13.8493±0.0767   13.7983±0.0681   0.66        0.3000   0.5315  
    std_absE     10.5060±0.0727   10.4469±0.0511   0.81        0.4250   0.1488  
    q50          12.0000±0.0000   12.0000±0.0000   inf         0.0000   1.0000  
    q90          28.0000±0.0000   28.0000±0.0000   inf         0.0000   1.0000  
    rowsum_var   2.0302±0.0740    1.0019±0.0957    13.89       1.0000   0.0000  
    frac_pos     0.5013±0.0025    0.5007±0.0019    0.27        0.3000   0.5315  
    lmax         2.0027±0.0186    1.9798±0.0208    1.23        0.5000   0.0540  

  T5a 裁决（两个尺度都要对同一统计量给出一致结论）：
     mean_absE    gap=0.7      σ  p=0.0369    不拒斥
     std_absE     gap=0.8      σ  p=0.1488    不拒斥
     q50          gap=inf      σ  p=1.0000    不一致
     q90          gap=inf      σ  p=1.0000    不一致
     rowsum_var   gap=13.9     σ  p=0.0000    **拒斥 iid（有结构）**
     frac_pos     gap=0.3      σ  p=0.1488    不拒斥
     lmax         gap=1.2      σ  p=0.0540    不拒斥

   ⇒ E 场的**边际**层（均值/σ/分位/正号比/谱半径）落在 iid 上，
     与第77轮 E5 同源；但**行和方差**把 iid 拒斥掉 ⇒ 网络里确有
     超越边际的相关（同一行的条目协同），即 union ≠ 边际之积。
     注意：这一层结构与「记忆」无关，它由更新规则本身一行一行地造出来。

  T5a：给出明确裁决（至少一个统计量拒斥 iid）

  -------- T5b 前缀记忆（是否记得自己走过哪条历史） --------
  设计：seed A／B 各自跑到第 150 步 ⇒ 得到两个**毫无共同之处**的状态；
        从每个状态出发，用 G 条互异随机流续跑到第 300 步。
        H0：这 2G 个终态可交换（前缀不留痕） ⇒ 组均值差应与随机分组同量级。

  两个前缀的差异（MA≠MB 的比例）= 0.4850

    统计量          A 组均值±σ        B 组均值±σ        |差|/σ_pooled 置换 p       结论      
    mean_absE    13.8645 ± 0.0731 13.8676 ± 0.0517 0.050        0.9223     不拒斥 H0（无痕）
    std_absE     10.5091 ± 0.0692 10.5015 ± 0.0370 0.141        0.8222     不拒斥 H0（无痕）
    rowsum_var   1.9720 ± 0.0971 1.9734 ± 0.0871 0.015        0.9775     不拒斥 H0（无痕）
    frac_pos     0.5009 ± 0.0017 0.5018 ± 0.0021 0.453        0.3841     不拒斥 H0（无痕）
    lmax         1.9931 ± 0.0304 2.0047 ± 0.0348 0.361        0.4920     不拒斥 H0（无痕）

  精确置换数 C(16,8) = 12870；多重比较已在读数时按 Holm 处理。
  Holm–Bonferroni 后是否有统计量被判为「记得前缀」：否

  ⇒ 前半段的两条互异历史，在第 300 步**不可分辨**：
     「过去」没有作为物理实在写在当前状态里。这就是本轮对
     第74轮 ≤1 bit、第76轮 =0 bit、第77轮对角 0 bit 的**联合级**升级：
     有结构（T5a 拒斥 iid），但无记忆（T5b 不可分辨）——两件事同时成立。

  T5b：无痕（Holm 后无统计量达显著）

==============================================================================
[PART 6] T6 普适性与相变：什么东西恒定，什么东西不恒定
==============================================================================
  用户对标的是光速：只要不相变就恒定。这句话在这里有一层**必要的精化**——
  必须先把「均匀性」与「时间常数」拆开，否则会得到一个假结论：

    均匀性  = 极限 lim_{n→∞} Ω(n) **存在**（存在性）
    时间常数 = 该极限的**数值**（每步折多少内部时间）

  下面把两件事分开测，结论立刻分岔：
    改 λ 的**数值** ⇒ 极限不动（普适）
    改规则的**形态** ⇒ 极限移动（相变）

  -------- T6a λ 的数值：所有 λ 都指向同一个极限 --------
  λ      Ω(199)       Ω(399)       Ω(799)       1-Ω(799)     c(λ)      
  0.2    0.502787     0.574492     0.640836     0.359164     1.3896    
  0.4    0.627409     0.694596     0.749044     0.250956     1.0121    
  0.6    0.698311     0.753735     0.801660     0.198340     0.8148    
  0.8    0.741054     0.792215     0.833995     0.166005     0.6928    
  1.0    0.771403     0.817939     0.856051     0.143949     0.6071    
  1.5    0.822181     0.859558     0.890282     0.109718     0.4694    
  2.0    0.852601     0.883932     0.910422     0.089578     0.3881    
  3.0    0.885878     0.913126     0.933125     0.066875     0.2946    

  Ω 对 λ 单调上升（在同一 n 上）：是
  Ω 对 n 单调上升（在每个 λ 上）：是
  ⇒ λ 只改变**逼近的速度**，不改变**逼近的目标**。

  收敛速度常数的标度：ln c 对 ln λ 的斜率 = -0.5769
     朴素渐近论证给 -1（缺口 ∝ 记忆视界 ∝ 1/λ）；实测偏离。
     登记为**未闭合项**：窗口 100-399 给 -0.5549，窗口 200-799 给 -0.5914，
     随窗口外推**微弱地朝 -1 移动**，与「修正项 ∝ ln λ/ln n」的预期同向，
     但 1/ln n 衰减太慢，有限窗达不到 -1。**不作结论，只登记。**

  -------- T6b 规则的形态：相变改变时间常数 --------
  受控变体：仅把分母改为 (E+1)^2，其余一字不改（同一个 λ=0.8）。
  动手前的猜测是「会失控冻结、Ω'→0」——**这个猜测是错的**，实测如下。

  n        对照组 Ω          变体 Ω'          差距            
  100      0.684338       0.344778       0.339559      
  200      0.742764       0.363154       0.379610      
  400      0.792840       0.375944       0.416896      
  600      0.817723       0.381696       0.436027      
  800      0.834268       0.385128       0.449140      
  1000     0.846201       0.386770       0.459431      
  1099     0.850685       0.387804       0.462881      

  差距单调扩大：是（1099 步处已达 0.4629）
  变体核的 ⟨E⟩ 与对照组几乎相同（n=1099：27.4251 vs 27.4397）
  ⇒ 没有失控：E 场仍由 √(2n/π) 管着，故关键在于建立另一个不动点。
     变体的 Ω' 增量持续收缩（0.0184→0.0016），**收敛到一个不同于 1 的值**
     （在最末点 0.3878，余项按几何上界 ≤0.0027 ⇒ Ω'_∞ ∈ [0.388, 0.391]）。

  ⇒ **这就是「相变」的位置**：
      均匀性在两种规则下都成立（极限都存在）——它是稳健的；
      时间常数却从 1.0000 变到约 0.3905 ——它是规则形态的函数。
      λ 从 0.2 扫到 3.0（15 倍）动不了它；把分母平方（一个符号）就动了它。

  T6a：λ 不动极限 成立
  T6b：规则形态移动极限 成立（差距 0.4629）
  T6c：c ∝ λ^-1 **未过**（实测 -0.577），登记为开放项，禁用为证据。

==============================================================================
[PART 7] T7 两个内禀钟不可共存：时间的**非唯一**性
==============================================================================
  第77轮以记忆视界 H 校钟 ⇒ τ_mem(n) = 2λ√(π/2)·√n  ∝ √n（持续减速）
  本轮以世界变化 Ω 校钟 ⇒ T_em(n) = ΣΩ ≈ n            ∝ n （趋于匀速）
  两者都是**网络内部**的读数，却给出不同的时间 ⇒ 必须判定。

  n      τ_mem          T_em           T_em/τ_mem     T_em/n      
  50     14.1796        25.2648        1.7818         0.505296    
  100    20.0530        58.0257        2.8936         0.580257    
  200    28.3593        129.6670       4.5723         0.648335    
  400    40.1061        283.8656       7.0779         0.709664    
  600    49.1197        445.1452       9.0625         0.741909    
  800    56.7185        610.4507       10.7628        0.763063    
  999    63.3815        777.6977       12.2701        0.778476    

  T_em/τ_mem：1.7818 (n=50) → 12.2701 (n=999)，增长 6.89 倍
  ⇒ 比值**发散** ⇒ 不存在使两者同时匀速的重标定。
     「时间」不是系统自带的属性，而是**选定校钟过程之后**才有的导出量。

  两者各自都在趋于均匀，但速率不同（T_em 用 ±10 平滑差商，同 T3）：
     n=100   η(T_em)=1.395e-03   η(τ_mem)=1/(2n+2)=4.963e-03   比值 0.28
     n=400   η(T_em)=2.378e-04   η(τ_mem)=1/(2n+2)=1.248e-03   比值 0.19
     n=980   η(T_em)=6.102e-05   η(τ_mem)=1/(2n+2)=5.098e-04   比值 0.12

  ⇒ η(T_em) ∝ ln n/n^{3/2}，η(τ_mem) ∝ 1/n：前者快得多。
     以世界变化校钟时，涌现时间把非均匀性压到更低阶——这正是
     「人类所认知的时间是恒定的」这句话可以被写成定理的唯一形式。

==============================================================================
[PART 8] 判决
==============================================================================
  ① 用户的命题在 SRE 内是**可判定的**，并已判决：
     时间不是外加参数；它是「以某过程校钟」之后的导出量，
     其均匀性 ⟺ 该过程的速率饱和。Ω 的饱和律 1-Ω = c·ln n/√n
     ⇒ 涌现时间渐近匀速，但有限 n 处严格非匀速。
  ② 「只要不相变就恒定」被拆成两句，各判一次：
     · 均匀性（极限存在）在所有被测 λ 与两种规则下都成立 ⇒ 稳健；
     · 时间常数（极限的数值）是**规则形态**的函数：λ 扫 15 倍动不了它，
       把分母平方就把它从 1.0000 推到 ≈0.390 ⇒ 相变确实在此处。
     · 动手前猜的「Ω'→0 失控冻结」**已被实测推翻**，按纪律如实登记。
  ③ 代价：时间非唯一。τ_mem ∝ √n 与 T_em ∝ n 不可共存（比值发散）。
  ④ 77→78 的联合出口收口：**有结构、无记忆**——两者同时成立。

  [通过] T1 涌现时间定义与饱和
  [通过] T2 饱和律 ln n / √n + 零参数预测
  [通过] T3 相对步进非均匀度 → 0
  [通过] T4 个体差异（单成员钟加速）
  [通过] T5a 结构 vs iid ＋ T5b 前缀记忆
  [通过] T6 普适性与相变
  [通过] T7 双钟不可共存

  [总门] 全部通过

  → 已落盘 _time_emergence.json

########## 结束（EXIT=0）##########
