========================================================================
SRE Mass-Origin Paper v2.0  ---  numeric cross-check
========================================================================

[例1 & 定理3]  u=(1, 1.2, 0.7)
  mean=0.966667  |z|=0.435890  |c1|=0.145297  theta=1.455835 rad
  recon = [1.  0.7 1.2]   multiset match = True
  随机8组 反解-重构 最大误差 = 5.107e-15

[例2]  c0=1, c1=0.3 e^{i40deg}
  analytic(升序) = ['0.436184', '1.104189', '1.459627']
  eig(实测,升序) = ['0.436184', '1.104189', '1.459627']

[例3 & 表10 & 表11]  带电轻子
  m_tau=1776.86: sum(m)=1883.029374451  sum(sqrt m)=53.146685131
             Q=0.666660511  eta^2=0.499990767  dev=-6.155e-06  phi=44.9997 deg
  m_tau=1776.93: sum(m)=1883.099374451  sum(sqrt m)=53.147515435
             Q=0.666664463  eta^2=0.499996695  dev=-2.203e-06  phi=44.9999 deg
  eta = 0.707104444   1/sqrt2 = 0.707106781   dev = -2.337e-06
  相位 升序 delta=0.222224762 (vs 2/9, dev=+2.540e-06)
  相位 降序 delta=1.872170340 (dev=+1.650e+00)

[§11.3]  alpha 锚：Π₁(M_60)（复用 code/_sre_anchor_registry.py 闭式）
  Pi1(M_60, w=1) = 7.297458502472e-03
  alpha (CODATA) = 7.297352569300e-03
  相对偏差       = 1.452e-05
  解 Pi1(M_n)=alpha  =>  n* = 60.000436

[定理1 & 表2 & 表3]  骨架 Y3⋉△3
  闭态: |Aut|=36  阶3元=8  阶2元=15  V=12 E=18  beta1=7
        三环轨道 = [[0, 1, 2]]
  开态: |Aut|=4  阶3元=0  阶2元=3  V=12 E=17  beta1=6
        三环轨道 = [[0], [1, 2]]
  phi 保边 = True ; 阶 = 3
  顶点 dim=12 chi=3 -> 平凡 6/12 ; 非平凡 3/12
  边   dim=18 chi=0 -> 平凡 6/18 ; 非平凡 6/18

========================================================================
saved _sre_paper_v2_check.json
