
========================================================================================
PART A  (U1) 形式化：观测量是 Aut-不变量的函数，「轨道数」不是观测量
========================================================================================
A1  无权重共享环（三角形）：
    度序列 = [2, 2, 2]    Laplacian 谱 = [-0.0, 3.0, 3.0]
    Aut 轨道数 = 1（顶点传递）⇒ 三点不可分辨

A2  把「哪条环边带标记」逐个换（j = 0,1,2）：
    j=0  谱 = [-0.0, 3.0, 5.0]
    j=1  谱 = [-0.0, 3.0, 5.0]
    j=2  谱 = [-0.0, 3.0, 5.0]
    ⇒ 三个谱**逐位相同**（差 <= 1e-9）：观测者从谱上**分不出**是哪条边 ⇒ 标记不可观测。

A3  结论（(U1) 成立，且更精确）：
    · 观测量 = Aut-不变量的函数（谱、连通性、计数……）；
    · 「Aut 轨道 / 轨道数」是**模型侧的派生量**（由 G 的标号算出来的），
      **不是**任何观测能返回的量。⇒ 用轨道去「破简并」，等于在模型侧加标号。
    · 因此 (U1) 的两半都成立：轨道确实只是算出来的，也确实不可观测。
    · 但要注意：不可观测 ≠ 无意义。轨道决定「哪些量必然简并」，是**模型的自洽性约束**。

========================================================================================
PART B  C¹ 的两个角色：度量（→电阻距离） vs 联络（→ H¹ 类）
========================================================================================
B0  定义。给图的每条边一个实数，得到的是 C¹(G;ℝ) 的一个元素 w。
    同一个 w 可以扮演两个**互不相同**的角色：

    角色 I  度量 / 电导（conductance）
            w → 加权 Laplacian L_w = B₁ diag(w) B₁ᵀ → 可观测 = 电阻距离 R = L_w⁺ 的 Green 函数。
            这是**对称、正、无规范自由**的对象；换 w 就是换一张不同的网。

    角色 II 联络 / 状态（connection）
            w 的「周期」（沿圈求和，或 ℤ₂ 下沿圈异或）是**规范不变量**：
            规范变换 w → w + df（f: V→ℤ₂ 或 →ℝ 的边缘），周期不变。
            ⇒ 不变量 = 类 [w] ∈ H¹(G; A)  ≅  Hom(H₁(G), A)  = 「H₁ 的一个表示」。

B1  两个角色**不是同一个东西**（数值演示）：三角形上取同一条 ℤ₂ 类（周期相同）的两条实现，
    转成电导后给**不同的分裂**（见 PART D）。⇒ 类 ≠ 度量。

========================================================================================
PART C  (U2) 正例：休眠率确有一个同调解释 —— ℤ₂ 1-上链的类
========================================================================================
C0  定义「休眠模式」σ：每条边一个 ℤ₂ 值（开/闭、或重数亏缺的奇偶）。
    σ ∈ C¹(G; ℤ₂)。**在图上（1-维复形，无 2-胞腔）每条 1-上链自动是上圈** ⇒ 无所谓「上圈条件」，
    全部内容就在它的**周期**（沿每个独立圈异或求和）。
    周期向量 ∈ ℤ₂^{β₁} ⇒ σ 的类 [σ] ∈ H¹(G; ℤ₂) ≅ Hom(H₁(G), ℤ₂)。
    ⇒ 这正是「**H₁ 的一个表示**」—— 即用户所说的『同调表现形式』，且是**精确**的对应。

C1  共享环（三角形，β₁ = 1，|H¹(ℤ₂)| = 2^β₁ = 2）：
    σ = 全闭 (0,0,0)       周期 = (0,)  ⇒ 平凡类（无扭转 Untwisted）
    σ = 开一条 (1,0,0)      周期 = (1,)  ⇒ 非平凡类（扭转 Twisted）
    σ = 开一条 (0,1,0)      周期 = (1,)  ⇒ 非平凡类（扭转 Twisted）
    σ = 开一条 (0,0,1)      周期 = (1,)  ⇒ 非平凡类（扭转 Twisted）
    σ = 开两条 (1,1,0)      周期 = (0,)  ⇒ 平凡类（无扭转 Untwisted）
    ⇒ **三种『开一条边』的实现全在同一个非平凡类**（它们差一个规范 df）⇒ 类不区分「哪条边」。

C2  把 SRE 实际装配的账本读进来（亏缺 = 开态体数）：
    ³H  (p,n,n)  环账本 = [1, 3, 3]  亏缺 = [2, 0, 0]  σ = (0, 0, 0)  周期 = 0 ⇒ 平凡（无扭转）
    ³He (p,p,n)  环账本 = [2, 3, 3]  亏缺 = [1, 0, 0]  σ = (1, 0, 0)  周期 = 1 ⇒ 非平凡（扭转）
    p-p (p,p)    环账本 = [2, 2, 2]  亏缺 = [0, 0, 0]  σ = (0, 0, 0)  周期 = 0 ⇒ 平凡（无扭转）
    n-n (n,n)    环账本 = [0, 2, 2]  亏缺 = [2, 0, 0]  σ = (0, 0, 0)  周期 = 0 ⇒ 平凡（无扭转）

C3  读法：
    · 休眠模式**确实**是一个 ℤ₂ 1-上链，其类**确实**是 H₁(G)→ℤ₂ 的表示 ⇒ (U2) 的
      **数学识别成立**：这条对应关系是精确的，不是类比。
    · 非平凡类 = 图的一个**双覆盖**（覆盖理论：ℤ₂ 上圈 ↔ 双覆盖）⇒ 与项目的
      「Möbius 4π 双覆盖 / Z₂ holonomy」**同一件东西**（电子桥 §4 的 4-圈符号连乘）。
    · **规则→类的推论（零参数）**：装配规则「每共享环恰有一个开态体 ⇒ 恒有一条 k=1 边」
      给出亏缺恰 1 ⇒ 周期恰 1 ⇒ **每条共享环都携带非平凡 ℤ₂ 类 ⇒ 共享环是扭转的**。

C4  **零参数正例**：³H 与 ³He 落在**不同的 ℤ₂ 类**里（亏缺 2 vs 1 ⇒ 周期 0 vs 1）。
    这是一个**规范不变、零自由参数**的离散不变量，能把二者分开（不需要任何电导/权重）。
    ⚠ 诚实：它等于「开态体数的奇偶」（= 中子数奇偶），是 **1 bit** 的弱不变量，
      与我们真正要的质量比 / 磁矩比（连续量）之间**没有已知的赋值规则** ⇒
      它证明「同调层有可分辨内容」，但**不**给出 μ 族锚的数值。
    规范不变性数值自检：枚举全部 f ∈ ℤ₂^V，取 σ → σ + df，看周期是否恒定。
      24 组 (f, σ) 检验：周期全部不变？ True  ⇒ 周期（类）确为规范不变量 ✓

========================================================================================
PART D  (U2) 反例（决定性）：类是规范不变量 ⇒ 不能唯一破三点对称
========================================================================================
D1  上一步已见：σ=(1,0,0) / (0,1,0) / (0,0,1) **同属一个类**（差规范 df）。
    现在看这三者作为**电导**给出的电阻距离划分：
    j=0 边重     电导 w = [2.0, 1.0, 1.0]  R = [0.4, 0.6, 0.6]  ⇒ 划分 1+2
    j=1 边重     电导 w = [1.0, 2.0, 1.0]  R = [0.6, 0.4, 0.6]  ⇒ 划分 1+2
    j=2 边重     电导 w = [1.0, 1.0, 2.0]  R = [0.6, 0.6, 0.4]  ⇒ 划分 1+2
    ⇒ 三者给**同一个划分型 2+1**（只是哪两点配成对被换掉）—— 一个类**只能**给到 2+1。

D2  更致命：**同一个类可以有不同划分**。都取平凡类（周期 0）：
    w=(1,1,1)  R = [0.666666667, 0.666666667, 0.666666667] ⇒ 划分 3
    w=(1,1,2)  R = [0.6, 0.6, 0.4] ⇒ 划分 1+2
    w=(2,2,1)  R = [0.375, 0.375, 0.5] ⇒ 划分 2+1
    ⇒ 同属平凡类的 w=(1,1,1) 给划分 3，w=(1,1,2) 给划分 2+1。
       ⇒ **划分不是类的函数**（类 → 划分 不是良定义映射）。

D3  结论（作用域写清）：
    · 类 [σ] 是**规范不变量**，因此**必然对「扭转落在哪条边」失明**；
    · 「哪两点配上对」这件事住在**规范部分（非类部分）**里，而规范部分**不是**任何不变量；
    · ⇒ 想用「同调类」去**唯一地**破三点对称：**不可能**（定理级，与数值无关）。
    · 这与既有律同型：**不变量定形、规范部分定值** —— 定形不定值在**同调层**再出现一次。

========================================================================================
PART E  账本权重恒 2 值 ⇒ 三点环最多 2+1 分裂 ⇒ {1,1,1} 不可达
========================================================================================
E1  账本形态定理（枚举 + 归纳）：k 体共享环、其中 m 体开态 ⇒ 环边重数 = (k−m, k, k)。
    （因所有开态体打开**同一条**环边，亏缺全落在那一条上。）
    ⇒ 环边重数**只有两个不同值** ⇒ 作为电导只能产生 2+1 或 3 的划分。

E2  穷举 ℤ₂ 上链 × 电导 realize（在三角形上）——可达划分统计：
    划分 1+2    可达 σ ∈ [(0, 0, 1), (0, 1, 0), (1, 0, 0)]
    划分 2+1    可达 σ ∈ [(0, 1, 1), (1, 0, 1), (1, 1, 0)]
    划分 3      可达 σ ∈ [(0, 0, 0), (1, 1, 1)]
    ⇒ **{1,1,1} 永不出现**：要三点两两不等需三条边**三个不同**权重，
      而 ℤ₂ 只有两个值、账本重数也只有两个值 ⇒ **结构性不可达**。

E2' 目击对照（证明卡点恰是「二值」，不是「一般不可能」）：给三条边**三个不同**权重：
    w = [1.0, 2.0, 3.0]  R = [0.454545455, 0.363636364, 0.272727273] ⇒ 划分 1+1+1
    w = [1.0, 1.5, 4.0]  R = [0.47826087, 0.434782609, 0.217391304] ⇒ 划分 1+1+1
    ⇒ **三值权重确实能给出 1+1+1**。所以判负的**精确作用域**是：
      「凡赋值只有**两个档**（ℤ₂ / 两档重数）者，三点环给不出 1+1+1」。
      要 1+1+1，必须引入**第三个档**——而第三个档既不在 ℤ₂ 里，也不在账本重数里，
      只能来自**新增的连续输入**（= C3 闸门：自由参数数 < 目标个数）。

E3  与中微子靶的关系：
    · 中微子需**两个非零 Δm²**（三个非简并能级）⇒ 要求三点谱**两两不等**（划分 1+1+1）。
    · 上一轮电阻距离探针只拿到 **2+1**（轨道 1→2）；本轮给出**为什么止步于 2**：
      ℤ₂ 类 + 账本重数**都是二值的** ⇒ 天然只能 2+1。
    · ⇒ §12.14 判负的**作用域可以再加一层**：不只是「简单图装配下」，而是
      「**任何二值（ℤ₂ / 两档重数）赋值下**，三点环都不可能给出 1+1+1」。

========================================================================================
PART F  |H¹(G;ℤ₂)| 表 与 总裁决
========================================================================================
    图                 V     E    β₁   |H¹(ℤ₂)| = 2^β₁
    C₃ 共享环             3     3     1     2
    K₄                 4     6     3     8
    Q₃ = 立方体           8     12    5     32
    三棱柱 C₃×K₂          6     9     4     16
    Möbius 梯 M₆        6     9     4     16
    Y₃ 闭态骨架            12    18    7     128
    Y₃ 开态骨架            12    17    6     64

    ⇒ |H¹(G;ℤ₂)| = 2^β₁ = 该图的双覆盖个数 ⇒ 「扭转模」的个数是**有限整数**，
      是可数的**离散**量（与项目『离散侧闭合』主线一致）。

========================================================================================
总裁决
========================================================================================
  1. (U1) 轨道是算出来的、不可观测
     判定：**成立**
     依据：观测量 = Aut-不变量函数；轨道数是模型侧派生量。用轨道破简并 = 在模型侧加标号。

  2. (U2-A) 休眠率 = H₁ 的一个表示（同调表现形式）
     判定：**成立（数学识别精确）**
     依据：休眠模式 σ ∈ C¹(G;ℤ₂)，类 [σ] ∈ H¹(G;ℤ₂) ≅ Hom(H₁(G),ℤ₂) = 双覆盖 = Z₂ holonomy。

  3. (U2-B) 用同调类**唯一地**破三点对称
     判定：**判负（定理级）**
     依据：类是规范不变量 ⇒ 对「扭转落在哪条边」失明；且类→划分 非良定义。

  4. (U2-C) 账本权重能给出三点两两不等（{1,1,1}）
     判定：**判负（结构性）**
     依据：ℤ₂ 与账本重数皆二值 ⇒ 只能 2+1 或 3 ⇒ 中微子所需 1+1+1 不可达。

  净结论：
    · 用户对「轨道不可观测」的判断是对的，对「加权应有数学解释」的判断也是对的；
    · 那个解释**确实存在且是标准的**：C¹(G) 的上同调 —— 休眠率 = H₁→ℤ₂ 的表示；
    · 但**它是「定形」的那一半**（给不变量、给双覆盖、给扭转的离散模），
      而「破对称、定值」的那一半住在**规范部分/度量**里，**不能被同调类替代**；
    · ⇒ 上一轮的电阻距离探针（破 1→2）是在**度量角色**下做的，本轮的类是在**联络角色**下看的，
      两者互补，但**不能用后者给前者「追认」一个规范身份** —— 这正是 C3（自由参数数 < 目标数）
      在**同调层**的再现。

已写出 _sre_weight_homology.json
