
============================================================================================
PART A  定理：「循环的演化逻辑」的精确数学名字 = 循环矩阵（circulant）
============================================================================================
A0  循环移位 S（S e_k = e_{k+1}）：
      [0  0  1]
      [1  0  0]
      [0  1  0]

A1  「与 S 交换的算子」全体（中心化子）—— 用 9x9 线性方程组 AS = SA 的零空间求：
      vec(AS) - vec(SA) = [(S^T kron I) - (I kron S)] vec(A)
      系数矩阵秩 = 6（在 9 维空间里）⇒ 解空间（中心化子）维数 = 3
      循环矩阵空间的维数 = n = 3   ⇒ 二者相符：是

A2  零空间一组基 reshape 成矩阵后**全部是循环矩阵**：True
      ⇒ 标准基可取 {I, S, S^2}：
        I     是循环矩阵 = True
        S     是循环矩阵 = True
        S^2   是循环矩阵 = True

A3  维数分级（「循环」是硬约束，额外的物理条件继续削参数）：
      · 一般复循环矩阵   c0*I + c1*S + c2*S^2          : 3 个复参数（6 实）
      · 实循环矩阵                                     : 3 实参数
      · 实对称循环矩阵   (c1 = c2 均实)                : 2 实参数  ⇒ 谱恒为 2+1
      · Hermitian 循环   (c0 实, c2 = conj(c1))        : 3 实参数  ⇒ 谱一般 1+1+1

      ⇒ 「循环」把 9 个矩阵元素压到 3 个；这是 Z3-等变性的全部代价。

============================================================================================
PART B  形状：Hermitian 循环矩阵的谱 = c0 + 2|c1| cos(theta + 2*pi*k/3) = Koide 参数化
============================================================================================
B0  设 M = c0*I + c1*S + conj(c1)*S^2（Hermitian）。
    S 的本征向量是 DFT 基、本征值 omega^j = exp(2*pi*i*j/3)：
        lambda_j = c0 + c1*omega^j + conj(c1)*omega^{-j}
                 = c0 + 2*|c1| * cos(theta + 2*pi*j/3),   c1 = |c1| e^{i theta}
    ⇒ 三个本征值**落在同一条余弦的 120 度采样点上**。
      这正是 Koide 的参数化形式。
      ⚠ 但**必须立刻澄清**：该形式对**任意**三代都自动成立（见 B3）——
        因此「余弦形状」是**免费的重参数化**，不是约束。

B1  数值验证（随机 c0、|c1|、theta，对比解析式）：
      c0=1.4376 |c1|=0.5804 theta=+4.8738  Herm=True  最大误差=1.11e-15  lambda=[0.35208  1.624184 2.336665]
      c0=0.8378 |c1|=0.1132 theta=+5.4887  Herm=True  最大误差=2.22e-16  lambda=[0.618665 0.898375 0.996392]
      c0=0.5079 |c1|=0.1877 theta=+5.0081  Herm=True  最大误差=3.33e-16  lambda=[0.14221  0.617307 0.764177]
      c0=1.2019 |c1|=0.1639 theta=+1.7494  Herm=True  最大误差=4.44e-16  lambda=[0.951657 1.143668 1.510382]
      c0=0.8823 |c1|=0.1767 theta=+3.1702  Herm=True  最大误差=4.44e-16  lambda=[0.529025 1.050198 1.06769 ]

B2  「实对称 ⇒ 2+1」vs「带复相位 ⇒ 1+1+1」（这直接回答「为什么必须有相位」）：
      实对称 (theta = 0)        lambda = [0.7 0.7 1.6]                      取值个数 = 2  ->  划分 2+1
      复相位 (theta = 1.0)      lambda = [0.400668 1.27515  1.324181]       取值个数 = 3  ->  划分 1+1+1

      ⇒ 实对称循环矩阵的谱恒为 (c0+2|c1|, c0-|c1|, c0-|c1|) —— 只有两值（2+1）；
        要三代互异（1+1+1），循环矩阵**必须带复相位**（Hermitian 而非实对称）。
      · 观察（登记，非结论）：这与第 30 轮「闭态 Z3 / 开态 Z2」在算子层呼应 ——
        开态 = 只剩两值（Z2 型退化）；闭态 = 一般三值（Z3 完整）。

B3  ⚠ 关键澄清（消解一个可能的误读）：**任意**三个实数都能写成上面这个形式。
    反解（设 a_k = c0 + 2|c1|cos(theta + 2*pi*k/3)）：
        c0  = mean(a)
        z   = sum_k a_k * omega^k  =  3|c1| * e^{-i theta}
      ⇒ |c1| = |z|/3,  theta = -arg(z) —— 3 个未知、3 个方程，一般**唯一**有解。

    随机 8 组「任意三数」→ 反解 → 重构，最大误差 = 2.22e-15

    ⇒ **「三点共一条余弦」不是约束，是免费的重参数化**（任意三数皆然）。
      ⇒ **Koide 的内容不是「形状」，而是「形状的参数恰为 eta = |c1|/c0 = 1/sqrt2」。**
      ⇒ 与第 30 轮结论一致（内容 = eta^2 = 1/2），但**纠正**了「Z3 给出 Koide 形状」的说法：
        形状是平凡的；Z3 的真实贡献是「为什么恰有 3 个位置」（挠子大小 3）
        与「delta 为何是规范」（挠子无原点）。

    真实轻子反解： eta = |c1|/c0 = 0.707104444   1/sqrt2 = 0.707106781   偏差 = -2.337e-06
    ⚠ D1 纪律：1/sqrt2 是无理数（好），但 1/2 = eta^2 仍是小分母有理数 ⇒ 数值命中不作独立证据。

============================================================================================
PART C  「没有打开」的精确含义：SRE 原生产物 = 等变类 = 多重集（2 个不变量）
============================================================================================
C0  SRE 的「未打开」输出 = 循环算子的**等变类**（基无关）。
    参数化：a_k = 1 + 2*eta*cos(delta + 2*pi*k/3)（c0 已归一化掉，尺度即外部输入）。

C1  不变量 1：Q = sum(a^2)/(sum a)^2 —— 验证其**与 delta 无关**（只依赖 eta）：
      eta=0.300000   Q 的极差 = 3.331e-16   Q = 0.393333333   解析 1/3+(2/3)eta^2 = 0.393333333
      eta=0.500000   Q 的极差 = 6.106e-16   Q = 0.500000000   解析 1/3+(2/3)eta^2 = 0.500000000
      eta=0.707107   Q 的极差 = 1.221e-15   Q = 0.666666667   解析 1/3+(2/3)eta^2 = 0.666666667
      eta=0.800000   Q 的极差 = 1.554e-15   Q = 0.760000000   解析 1/3+(2/3)eta^2 = 0.760000000

C2  不变量 2：R = (m_max - m_min)/sum(m) —— 验证其**依赖 delta**（故独立于 Q）：
      eta=1/sqrt2  delta=0.000   Q = 0.666666667   R = 0.957106781
      eta=1/sqrt2  delta=0.400   Q = 0.666666667   R = 0.880903092
      eta=1/sqrt2  delta=0.800   Q = 0.666666667   R = 0.633929534
      eta=1/sqrt2  delta=1.200   Q = 0.666666667   R = 0.566017302

C3  不变量模空间是 **2 维**：(eta, delta mod 2*pi/3)。
      · Q 只探测 (eta, delta) 里的 **eta** 方向（对 delta 免疫）；
      · delta（mod 2*pi/3）是**第二个**独立不变量 —— 第 30 轮实测 delta ~ 2/9 正是在测它；
      · 因此「未打开」的准确含义 = SRE 给的是**多重集**（无序三元组，2 参数），
        而非**有序三元组**（还要多出 1 个离散的 Z3 选择，见 PART D）。

C4  ⚠ 一条必须修正的过度简化：
      「SRE 的不变量只有 Q 一个」是**错的**。Q 只是 eta 方向的坐标；
      delta 方向上有独立信息（多重集本身依赖 delta）。二者合起来才是完整的不变量。

============================================================================================
PART D  「打开」= 给多重集一个原点（DFT 相位约定）：Z3（3 重）规范自由度
============================================================================================
D0  什么叫「打开」？把振幅的**多重集** {a_0,a_1,a_2} 写成**有序三元组** (a_0,a_1,a_2)，
    等价于给特征标 omega^k 选一个**原点**（= 给「第一代」命名）。

D1  实测：原点有 3 种选法（= 循环移位），它们给出**完全相同的物理**：
      基准： a = [2.379438 0.04035  0.580212]        Q = 0.666666666667   R = 0.943349649589
      移位1：a = [0.04035  0.580212 2.379438]        Q = 0.666666666667   R = 0.943349649589   (|dQ|,|dR|) = (2.2e-16, 0.0e+00)
      移位2：a = [0.580212 2.379438 0.04035 ]        Q = 0.666666666667   R = 0.943349649589   (|dQ|,|dR|) = (0.0e+00, 0.0e+00)

      ⇒ 3 个代表元给出**完全相同的不变量** ⇒ 它们是同一个等变类的 3 个代表元。

D2  ⇒ 「打开」**不改变任何 SRE 可观测量**；它只决定「哪一代叫第一代」。
      这是**规范**（冗余），不是信息 —— 与「挠子无原点」严格对应。

D3  ⚠ 必须区分两个层次的「打开」（不可混）：
      (i)  规范层（本节）：选原点 = Z3 标号 —— 不变量不变（冗余）；
      (ii) 物理层（第 30 轮 PART C）：闭态 -> 开态（断一条环边）——
           |Aut| 36 -> 4、阶 3 元 8 -> 0，这是**真实**破缺 Z3 -> Z2，改变可及不变量。
      ⇒ 用户命题里的「没有打开」指的是 **(i)**：循环保持在规范未定的状态。

============================================================================================
PART E  Koide 定理：Q = 1/3 + (2/3)eta^2，Q = 2/3 <=> eta^2 = 1/2（真实轻子复算）
============================================================================================
E0  解析：sum_k cos(.) = 0、sum_k cos^2(.) = 3/2 ⇒ sum a = 3、sum a^2 = 3 + 6*eta^2
    ⇒ Q = sum a^2/(sum a)^2 = (3 + 6*eta^2)/9 = 1/3 + (2/3)*eta^2 —— **与 delta 无关**
    ⇒ Q = 2/3  <=>  eta^2 = 1/2  <=>  |c1|/c0 = 1/(2*sqrt2)  <=>  与 (1,1,1) 夹角 45 度

E1  真实带电轻子（PDG 质量）：
      m_tau = 1776.86（归档）            Q = 0.666660511   eta^2 = 0.499990767   偏差 vs 2/3 = -6.155e-06
      m_tau = 1776.93（2026 PDG）      Q = 0.666664463   eta^2 = 0.499996695   偏差 vs 2/3 = -2.203e-06

      ⇒ eta^2 = 1/2 在真实数据上成立到 ~3.3e-06。
      ⚠ D1 纪律：1/2、1/3、2/3 全是小分母有理数 ⇒ 单独无判别力；
        本定理的价值在**结构性**（Q 对 delta 免疫 = 规范不变），不在数值命中。

============================================================================================
PART F  结构总结与与既有结果的对照
============================================================================================
F0  三层结构（这就是「准确的数学描述」）：
      ┌ 对象层   质量算子 = 三环挠子上的 Z3-等变算子 = **循环矩阵**      [SRE 内]
      ├ 不变量层 等变类 = 振幅多重集 = (eta, delta mod 2pi/3)，**2 维**；  [SRE 内]
      │          Q = 1/3+(2/3)eta^2 只占其中 eta 方向（对 delta 免疫）
      └ 打开层   选 DFT 原点 ⇒ 有序三代 (a_0,a_1,a_2)；**Z3（3 重）规范**  [冗余，非信息]
      外部输入：尺度 c0（= 绝对质量 / 能标）—— 唯一真正「SRE 外」的东西。

F1  与项目既有不变量的对照（全都是「对什么免疫」的类型学）：
      量                    不变性（对什么免疫）                         所在层             
      rho（谱半径）             断环（18 次断开极差 ~1e-15）                谱层              
      Pi1 = lambda2/rho    图同构（Aut）                           谱层              
      Q（Koide）             Z3 原点（delta 的三重置换）                 挠子/映射层          
      eta^2                Z3 原点                              挠子层             
      绝对质量 c0              —（不免疫任何东西）                         SRE 外           

F2  一句话总裁决：
      质量 = 「Z3 上的循环」的**不变量**；
      数学载体 = **循环矩阵（circulant）**；
      「没有打开」= 不做带原点的谱分解 ⇒ 只输出等变类（多重集）；
      「打开」= 选原点（DFT 约定）⇒ 有序三代 —— 这是**规范**，不是新信息。

F3  本轮最重要的一条认识（**修正性质**）：
      「三点共一条余弦」的自由度计数：3 个未知 (c0, |c1|, theta) 对 3 个数据 ⇒ **恒可解**。
      ⇒ 循环结构提供的是**语言**，不是**约束**；SRE 对质量的全部内容收敛到**一个数**
        eta = |c1|/c0（Koide 的内容 = eta = 1/sqrt2）。
      ⇒ 这也回过头解释第 31 轮：为什么「算不出绝对质量」—— 那个数是尺度 c0，属 SRE 外。

F4  诚实边界：
      1. 本报告为 SRE 模型内部 / 线性代数与群论层面的**自洽表述**，不是数值预言。
      2. 「取 a = sqrt(m) 而非 m」这一层是 Koide 的**经验内容**，
         等价于「质量算子的平方根是 Z3-等变的」——这是一个可检验的结构假设，未证。
      3. PART B2 的「实对称 ⇒ 2+1」与「开态」的呼应只是**观察**，未证同一机制。
      4. 尺度 c0（绝对质量）仍须外部输入 —— 与第 30/31 轮的 G12 结论一致。

已写出 _sre_cyclic_mass_formalism.json
