####################################################################################################
# PART A  对照：带电轻子（pole mass = 物理量，scheme-无关）
####################################################################################################
  (e, mu, tau) [归档口径]            Q = 0.666661   eta^2 = +0.499991   theta =  44.9997 deg  | dev vs 0.666667 = -6.155e-06 (-0.00%)
  (e, mu, tau) [2026 PDG 中心]     Q = 0.666664   eta^2 = +0.499997   theta =  44.9999 deg  | dev vs 0.666667 = -2.203e-06 (-0.00%)

  ⇒ 轻子侧 Q = 2/3 成立到 1e-6 量级，且 m 是极点质量（scheme-无关）—— 这是『干净靶』的样板。

####################################################################################################
# PART B  夸克三组：换约定就换答案（这就是闸门 C2 的实证）
####################################################################################################

-- 约定：PDG2024 MS-bar（u,d,s@2GeV；c,b,t@自身标度；m_t=162.5 MS-bar)
     轻 (u,d,s)                   Q = 0.567043   eta^2 = +0.350564   theta =  39.9406 deg  | dev vs 0.555556 = +1.149e-02 (+2.07%)
     重 (c,b,t)                   Q = 0.662748   eta^2 = +0.494122   theta =  44.8306 deg  | dev vs 0.666667 = -3.918e-03 (-0.59%)
     上型 (u,c,t)                  Q = 0.845087   eta^2 = +0.767630   theta =  51.0942 deg
     下型 (d,s,b)                  Q = 0.731428   eta^2 = +0.597141   theta =  47.5398 deg

-- 约定：同左但 m_t 用直接测量/pole 172.69 GeV
     轻 (u,d,s)                   Q = 0.567043   eta^2 = +0.350564   theta =  39.9406 deg  | dev vs 0.555556 = +1.149e-02 (+2.07%)
     重 (c,b,t)                   Q = 0.669445   eta^2 = +0.504167   theta =  45.1189 deg  | dev vs 0.666667 = +2.778e-03 (+0.42%)
     上型 (u,c,t)                  Q = 0.848981   eta^2 = +0.773471   theta =  51.2003 deg
     下型 (d,s,b)                  Q = 0.731428   eta^2 = +0.597141   theta =  47.5398 deg

-- 约定：MS-bar @ M_Z（文献跑动值 u=1.06,d=2.29,s=45.8,c=619,b=2860,t=168300)
     轻 (u,d,s)                   Q = 0.567004   eta^2 = +0.350506   theta =  39.9382 deg  | dev vs 0.555556 = +1.145e-02 (+2.06%)
     重 (c,b,t)                   Q = 0.719546   eta^2 = +0.579319   theta =  47.1072 deg  | dev vs 0.666667 = +5.288e-02 (+7.93%)
     上型 (u,c,t)                  Q = 0.887980   eta^2 = +0.831970   theta =  52.2161 deg
     下型 (d,s,b)                  Q = 0.762423   eta^2 = +0.643634   theta =  48.6075 deg

-- 约定：朴素组分夸克质量（非微扰定义，夸克模型）
     轻 (u,d,s)                   Q = 0.337809   eta^2 = +0.006713   theta =   6.6093 deg  | dev vs 0.555556 = -2.177e-01 (-39.19%)
     重 (c,b,t)                   Q = 0.653385   eta^2 = +0.480077   theta =  44.4176 deg  | dev vs 0.666667 = -1.328e-02 (-1.99%)
     上型 (u,c,t)                  Q = 0.780097   eta^2 = +0.670146   theta =  49.1804 deg
     下型 (d,s,b)                  Q = 0.460428   eta^2 = +0.190642   theta =  31.6946 deg

-- 文献里的『中间组』（带负号：-sqrt(m_s)+sqrt(m_c)+sqrt(m_b)）
     (s,c,b) 带负号                 Q = 0.674954   eta^2 = +0.512431   theta =  45.3518 deg
   （文献给出 ~0.675 —— 复现）

  ⇒ 同一个『夸克质量』问题，只因为**约定**不同，Q 就能从 0.34 变到 0.72。
     这不是拟合误差，是**量本身没有唯一定义**。

####################################################################################################
# PART C  本轮新增论点：Q 的不变性定理
####################################################################################################

  定理：Q(c*m1, c*m2, c*m3) = Q(m1,m2,m3)  对任意 c>0 恒成立。
        （分子 ~c，分母 sum sqrt ~ sqrt(c)，平方后 ~c，两下相消。）

  数值验证（取 c = 1e-3, 0.1, 1, 10, 1e3, 1e6）：
      c = 0.001      Q = 0.567042802435276   (与 c=1 之差 1.11e-16)
      c = 0.1        Q = 0.567042802435276   (与 c=1 之差 0.00e+00)
      c = 1          Q = 0.567042802435276   (与 c=1 之差 0.00e+00)
      c = 10         Q = 0.567042802435276   (与 c=1 之差 1.11e-16)
      c = 1000       Q = 0.567042802435276   (与 c=1 之差 1.11e-16)
      c = 1e+06      Q = 0.567042802435276   (与 c=1 之差 0.00e+00)

  推论（关键）：QCD 中**轻夸克 u,d,s 的跑动因子相同**（质量反常维 gamma_m 与味无关），
        所以 m_u,m_d,m_s 是**同乘一个因子**地跑动 ⇒
        【 Q_light 是重整化群不变量 】
  数值验证（2 GeV → M_Z，三味同乘 f = 0.49036）：
      严格同乘：Q = 0.567042802435276   与 2 GeV 之差 = 1.11e-16
      引用值(有舍入)：Q = 0.567004046274360   与 2 GeV 之差 = -3.88e-05  ← 纯粹是舍入残留

  ⇒ 这解释了为什么项目早期用 (2m_u+m_d)/m_p 会失败（被外部标度 m_p 污染），
     而 Q_light 本身却**是**一个 C2-干净的观测量。二者不是同一类量。

####################################################################################################
# PART D  能标敏感性的量化：重夸克那条『2/3』到底有多脆
####################################################################################################

  重夸克三味的跑动因子**各不相同**（跨阈值），所以 Q_heavy **不是** RG 不变。
  (c,b,t) @ 自身标度                 Q = 0.662748   eta^2 = +0.494122   theta =  44.8306 deg  | dev vs 0.666667 = -3.918e-03 (-0.59%)
  (c,b,t) @ M_Z                  Q = 0.719546   eta^2 = +0.579319   theta =  47.1072 deg  | dev vs 0.666667 = +5.288e-02 (+7.93%)

  Delta = Q - 2/3 ：  自身标度 -3.918e-03    M_Z +5.288e-02
  文献 arXiv:1111.0480 给出：-5e-3 < dK_heavy < +1e-2（自身标度）｜+5e-2 < dK_heavy < +9e-2（M_Z）
  ⇒ 本脚本复现该区间：一条『命中』从 0.4% 恶化到 5.3%，整整差一个数量级。

  补记：Rodejohann & Zhang 2011 曾把这条观察写进预印本，**发表时删掉了**；
        首发于 Cao 2012。⇒ 连文献方自己都不认为它稳。

####################################################################################################
# PART E  SRE 图谱只能给「退化基线」：Q = 1/3
####################################################################################################

  三个等质量 (1,1,1)                  Q = 0.333333   eta^2 = +0.000000   theta =   0.0000 deg

  结构依据（已实测，第 29/30 轮）：闭态骨架 9 条环边处于**同一条 Aut 轨道**
  ⇒ 任何**图泛函**（lambda2 / beta1 / rho / Pi1）给三环同值 ⇒ m_k 全等 ⇒ Q = 1/3。
  这正是 Koide 的 C-S 下界（等质量极限）。

  !! 1/3 双身份陷阱（项目既有纪律，重申）：
     此处的 1/3 = C-S 下界（等质量极限），
     与 SRE 的 Pi1(Q3) = 1/3（闭合度）**来源不同，不得等同**。

  ⇒ 于是 Q = 1/3 + (2/3)*eta^2 有了分层读法：
       1/3            <- 图谱基线（退化，图泛函必然给出）
       (2/3)*eta^2    <- 账本分裂（图泛函**看不见**，只能由账本承载）

  由实测值反解 eta^2（= (3Q-1)/2）：
     带电轻子             Q = 0.666667  ->  eta^2 = 0.500000
     重夸克(c,b,t)       Q = 0.662748  ->  eta^2 = 0.494122
     轻夸克(u,d,s)       Q = 0.567043  ->  eta^2 = 0.350564
                                 参考：eta^2 = 1/2 <-> Q = 2/3 ; eta^2 = 1/3 <-> Q = 5/9

####################################################################################################
# PART F  轻夸克那条『5/9』离得到底有多远（带不确定度）
####################################################################################################

  PDG2024 MS-bar @2GeV：m_u = 2.16(+0.49/-0.26)｜m_d = 4.67(+0.48/-0.17)｜m_s = 93.4(+8.6/-3.4) MeV
     8 个角点：Q_min = 0.545962   Q_max = 0.586139   （中心 0.567043）
     5/9 = 0.555556  ->  落在角点区间内

  ⇒『轻夸克 ≈ 5/9』是**区间级**吻合（且中心值偏离 5/9 约 2.1%），
     不构成 1e-6 量级的『命中』；与轻子那条（3.3e-6）不是一个量级的东西。

####################################################################################################
# PART G  汇总：SRE 三步里，哪一步在内部、哪一步要付费
####################################################################################################

  第 1 步  图谱 -> 退化基线（Q = 1/3）        : SRE 内（图泛函，实测 9 边同轨道）
  第 2 步  账本 -> 分裂（(2/3)*eta^2）       : SRE 内（账本，但**规则未写出**）
  第 3 步  量纲化 / 选方案 -> 绝对质量        : SRE **外**（每跨一次离散->连续必付费）

  ⇒『夸克质量如何计算』的诚实答案：
     - **绝对值算不出**（闸门 C2：MS-bar 方案依赖，已被多轮判负）；
     - **同标度比也危险**（跑动因子跨阈值后不同 ⇒ Q_heavy 从 0.4% 恶化到 5.3%）；
     - 能算的只有 **RG-不变的无量纲组合**（如 Q_light）的**函数形式**，
       而 eta^2 的**数值来源**仍是缺的那条赋值规则。

