
============================================================================================
PART 1  定理：与循环移位交换 ⇔ 循环矩阵（论文 §5）
============================================================================================
1.1  vec(AS-SA)=0 系数矩阵秩 = 6 / 9  ⇒ 中心化子维数 = 3（应 = n = 3）：是
1.2  零空间基 reshape 后**全为循环矩阵**：True
      ⇒ Z3-等变性把 9 个矩阵元素压到 3 个。

============================================================================================
PART 2  Hermitian 循环矩阵的谱：2+1 vs 1+1+1（论文 §6）
============================================================================================
2.1  随机 6 组对照「谱 vs 解析 c0+2|c1|cos(θ+2πj/3)」：Hermitian 全 True，最大误差 = 1.11e-15
2.2  实对称 θ=0    λ = [0.7 0.7 1.6]                    取值数=2 ⇒ 划分 2+1
2.2  复相位 θ=1    λ = [0.400668 1.27515  1.324181]     取值数=3 ⇒ 划分 1+1+1
      ⇒ 实对称循环恒为 2+1；要三代互异必须带复相位（Hermitian）。

============================================================================================
PART 3  形状是**免费**的：任意三数皆可写成该余弦（论文 §6.3）
============================================================================================
3.1  随机 8 组**任意三数** → 反解 → 重构，最大误差 = 2.22e-15
      ⇒ 「三点共一条余弦」不是约束，是免费重参数化；Koide 的内容是 η 的**值**。

============================================================================================
PART 4  不变量模空间 (η, δ mod 2π/3)：Q 对 δ 免疫（论文 §8）
============================================================================================
4.1  η=0.300000  Q 极差=3.33e-16  Q=0.393333333  解析=0.393333333
4.1  η=0.500000  Q 极差=6.11e-16  Q=0.500000000  解析=0.500000000
4.1  η=0.707107  Q 极差=1.22e-15  Q=0.666666667  解析=0.666666667
4.1  η=0.800000  Q 极差=1.55e-15  Q=0.760000000  解析=0.760000000
4.2  η=1/√2 δ=0.000  Q=0.666666667  R=0.957106781  ⇒ R 依赖 δ（第二个不变量）
4.2  η=1/√2 δ=0.400  Q=0.666666667  R=0.880903092  ⇒ R 依赖 δ（第二个不变量）
4.2  η=1/√2 δ=0.800  Q=0.666666667  R=0.633929534  ⇒ R 依赖 δ（第二个不变量）
4.2  η=1/√2 δ=1.200  Q=0.666666667  R=0.566017302  ⇒ R 依赖 δ（第二个不变量）
4.3  三个代表元（循环移位）不变量比较：
      shift=0  Q=0.666666666667  R=0.943349649589
      shift=1  Q=0.666666666667  R=0.943349649589  (|dQ|=2.2e-16)
      shift=2  Q=0.666666666667  R=0.943349649589  (|dQ|=0.0e+00)
      ⇒ 3 个代表元不变量完全相同 ⇒ 「打开（选原点）」是 Z3 规范，不改变可观测量。

============================================================================================
PART 5  Koide 与真实带电轻子（论文 §9）
============================================================================================
5.1  m_tau=1776.86（归档）          Q=0.666660511  η²=0.499990767  偏差(2/3)=-6.155e-06  夹角=44.9997°
5.1  m_tau=1776.93（2026 PDG）    Q=0.666664463  η²=0.499996695  偏差(2/3)=-2.203e-06  夹角=44.9999°
5.2  反解 η = |c1|/c0 = 0.707104444   1/√2 = 0.707106781   偏差 = -2.337e-06
      ⇒ Q = 1/3 + (2/3)η²，**与相位 δ 无关**；Q=2/3 ⟺ η²=1/2 ⟺ 45°。

============================================================================================
PART 6  Z3 在骨架上有原生归宿：挠子（论文 §4）
============================================================================================
6.1  闭态(质子)     V=12 E=18 β1=7 |Aut|=36  阶3元=8  阶2元=15  三环轨道数=1 [[0, 1, 2]]
      环集上的诱导置换 = [(0, 1, 2), (0, 2, 1), (1, 0, 2), (1, 2, 0), (2, 0, 1), (2, 1, 0)]
6.1  开态(中子)     V=12 E=17 β1=6 |Aut|=4  阶3元=0  阶2元=3  三环轨道数=2 [[0], [1, 2]]
      环集上的诱导置换 = [(0, 1, 2), (0, 2, 1)]
6.2  见证 φ: L_ij ↦ L_i,(j+1)  —— 保边=True，阶3=True
      ⇒ 三环被一个阶 3 自同构自由、传递作用 ⇒ 三环 = Z3-挠子（无原点）。

============================================================================================
PART 7  Z3 特征分解：顶点 1/2|1/2，边 1/3|2/3（论文 §4.3）
============================================================================================
7.1  顶点   dim=12  χ(φ)=3  ⇒  6·1 + 3·ω + 3·ω²   平凡 6/12 = 0.5000  非平凡 0.5000
7.1  边    dim=18  χ(φ)=0  ⇒  6·1 + 6·ω + 6·ω²   平凡 6/18 = 0.3333  非平凡 0.6667
      ⚠ D1 警戒：1/2、1/3、2/3 全是小分母有理数 ⇒ 不作独立证据（见论文 §12.2）。

============================================================================================
PART 8  夸克侧：Q 对同乘因子严格不变（论文 §10）
============================================================================================
8.1  Q(c·m) 残差（c=1e-3..1e6，u/d/s）：最大 = 1.11e-16  ⇒ Q 是尺度不变量
      推论：γ_m 味无关 ⇒ u,d,s 同乘一因子跑动 ⇒ Q_light 是 RG 不变量（标准结论）。
      对照：绝对值 / 同标度比 / 含 m_p·Λ_QCD 的组合 ⇒ 一律出局（闸门 C2）。

已写出 _sre_mass_origin_paper_check.json
