
==========================================================================================
PART A  Z2 -> Z3：「对偶（duality）-> 三力性（triality）」的标准升格
==========================================================================================
A0  文献定式（外部事实，非本脚本计算）：
    · 三力性论文（McRae 2025, arXiv:2502.14016）原话：
      「triality 可以看作**基乘以第 3 单位根**，正如 duality 常是**基乘以第 2 单位根**。」
    · 于是：
        duality  = Z2 = 单位根 {+1,-1}          -> 二值（自旋 1/2 / 双覆盖 / 电荷正负）
        triality = Z3 = 单位根 {1, w, w^2}       -> 三值（**三代**）
    · 三代模型普遍用 Z3：
        DVFT（Thorwe 2026）：三分量真空场的天然 Z3 -> 相位 120 度 -> **循环矩阵** -> Koide
        Rousselle 2026 (arXiv:2608.19277)：U(3)_F -> U(1)_F^3，等价于破缺到 **Z(SU(3)) = Z3**
        Ma 2006 (hep-ph/0612022)：四个 Z3 生成元 -> Sigma(81) 群
        Koide 本人 1981：sqrt(m_k) ~ 1 + sqrt(2) cos(delta + 2*pi*k/3) —— **2*pi*k/3 就是 Z3**
    · ⇒ 「三档」的数学名字是 **Z3 = 三力性**，不是「Z2 的第三个取值」。

A1  同调阶梯（本脚本计算）：覆盖的个数 = |H^1(G;Z_n)| = n^{beta_1}
    图                    V     E beta_1  |H1(Z2)|=2^b1  |H1(Z3)|=3^b1
    C3 共享环               3     3      1              2              3
    K4                   4     6      3              8             27
    Q3 = 立方体             8    12      5             32            243
    Y3 闭态骨架             12    18      7            128           2187
    Y3 开态骨架             12    17      6             64            729

    ⇒ Z_n 覆盖的个数是 n^{beta_1}。Z2 档 = 双覆盖（项目已有：Mobius 4pi 双覆盖 / Z2 holonomy）；
      Z3 档 = **三覆盖**（= 三力性）。阶梯不是「多加一个值」，而是**换系数群**。

==========================================================================================
PART B  SRE 骨架**本身**携带 Z3（三环 = 一个 Z3-挠子）
==========================================================================================

B  闭态（质子）   V=12 E=18   |Aut|=36
    阶 3 自同构个数 = 8 ；阶 2 自同构个数 = 15
    三环在 Aut 下的轨道： [[0, 1, 2]]
    环集上诱导的置换（去重）： [(0, 1, 2), (0, 2, 1), (1, 0, 2), (1, 2, 0), (2, 0, 1), (2, 1, 0)]
    显式验证 phi: L(i,j) -> L(i,j+1)，c_i -> c_i： 保边 = True ；阶 = 3 = True

B  开态（中子）   V=12 E=17   |Aut|=4
    阶 3 自同构个数 = 0 ；阶 2 自同构个数 = 3
    三环在 Aut 下的轨道： [[0], [1, 2]]
    环集上诱导的置换（去重）： [(0, 1, 2), (0, 2, 1)]

B1  判据与结论：
    · 闭态骨架的 Aut 含 8 个三阶元（Sylow-3 = Z3 x Z3）⇒ 其中**存在**一个自由、传递地
      置换三环的 Z3（实测：三环在 Aut 下**只有 1 条轨道**，大小为 3）。
    · 一个集合被一个群**自由且传递**地作用 = 该集合是一个 **G-挠子（torsor）**。
      ⇒ **三环构成一个 Z3-挠子**：它们可以（且只能）被**无原点地**用 Z3 标签——
         即「换个整体相移」是唯一的自由度。
    · ⚠ 这正是第二十九轮判负的来源，也**正是**三代的形状：三代之间有一个 Z3 循环序，
      但**没有绝对原点**（原点 = 相移 = Koide 的 delta）。

==========================================================================================
PART B2  Z3 特征分解：顶点表示给 1/2|1/2，边表示给 1/3|2/3
==========================================================================================
B2  取 phi: 环号 j -> j+1（PART B 已证其保边、阶 3）。置换表示 chi(phi) = 不动点数：
    顶点： V=12  不动点数 chi(phi)=3   ⇒ 表示 = 6*1 + 3*w + 3*w^2
          ⇒ 平凡权重 = 6/12 = 0.500000 ； 非平凡权重 = 0.500000
    边  ： E=18  不动点数 chi(phi)=0   ⇒ 表示 = 6*1 + 6*w + 6*w^2
          ⇒ 平凡权重 = 6/18 = 0.333333 ； 非平凡权重 = 0.666667

B2' 结构解释（为何恰好是这两个比值）：
    · 骨架 = 3 个股 x (1 个股心 c_i + 3 个环叶 L{i}{0,1,2})。
      股心被 phi **固定**（进平凡表示）；3 个环叶被 phi **循环**（= 正则表示 reg = 1+w+w^2）。
      ⇒ 每股权重：平凡 = 1 + 1 = 2；非平凡 = 1 + 1 = 2 ⇒ **顶点等分 1/2 | 1/2**。
    · 边：所有边都被 phi 移走（无不动边，chi=0）⇒ 边表示 = **6 份正则表示**
      ⇒ 平凡 1/3、非平凡 2/3 ⇒ **边给 1/3 | 2/3**。

B2'' 登记（**候选，非结论**，须过 D1）：
    · 顶点表示给 **1/2 | 1/2**（等分）；边表示给 **1/3 | 2/3**。
    · 与 Koide 形式的**数字对应**（仅登记，机制未给）：
        Q = 1/3 + (2/3)*eta^2  的 (1/3, 2/3)  <-  **边**表示的 Z3 特征权重
        eta^2 = 1/2                        <-  **顶点**表示的平凡权重（等分）
    · ⇒ 若两者同源，则 Q = 1/3 + (2/3)*(1/2) = 2/3 **自动**成立。
    · ⚠ 1/3、2/3、1/2 全是**小分母有理数** ⇒ 单独看**无判别力**（D1 陷阱）。
      登记为候选的**唯一理由**是三者**恰好拼成** Q=2/3 这一完整链条；
      升级为结论**必须**另找机制（把「边表示/顶点表示」接到「m_k/序参量」上）。

==========================================================================================
PART C  开态把 Z3 破为 Z2：闭 -> 开 = Z3 -> Z2
==========================================================================================
C0  上一步实测：
      闭态 |Aut| = 36，含阶 3 元 8 个，三环轨道 1 条（{0,1,2}）
      开态 |Aut| = 4，含阶 3 元 0 个，三环轨道 [[0], [1, 2]]

C1  读法（本轮的**结构级发现**）：
    · 闭态（质子态）三环**完全等价**（Z3 对称）⇒ 图层对「哪一环」简并；
    · 开态（中子态，断一条环边）Z3 **被破为 Z2**（|Aut| 由 36 落到 4；阶 3 元归零）
      ⇒ 三环裂为 **2 条轨道**：{开环} | {另两环}。
    · ⇒ **「闭 -> 开」这个 SRE 的基本二态，恰好就是「Z3 -> Z2」**：
         闭态 = 三力性（triality, 三环等价）
         开态 = 对偶性（duality,  两环等价 + 一环特异）
    · 与文献**同构**：Koide 结构 = 「有 Z3（三代）+ 有 1/2（等分）」；SRE 基本二态同时给出
      这两半：Z3 来自闭态骨架，2 分结构来自开态的 Z2。

    ⚠ 诚实边界：这里只证「SRE 基本二态 = Z3->Z2 破缺」是**结构事实**；
      它**还没有**把 Z3 接到质量值上（赋值规则仍未给出，见 PART E/F）。

==========================================================================================
PART D  三档的来源：一个复序参量的 Z3 轨道（对比：二值边标号做不到）
==========================================================================================
D0  回顾上一轮判负（第二十九轮 PART E）：
    在**一个三角形的三条边**上贴二值标号（Z2 或两档重数）⇒ 可达划分只有 {3, 2+1}，
    **{1+1+1} 结构性不可达**。⇒ 想从「一条环的三条边」拿三档：不可能。

D1  正确的对象不是「一条环的三条边」，而是「**三环的 Z3 轨道**」：
    取一个**复序参量** A = eta * exp(i*delta)（2 个实参数），定义三个实数
        x_k = 1 + 2*eta*cos(delta + 2*pi*k/3) ,  k = 0,1,2
    （= 「同一个 A 在 Z3 挠子的三个位置上的读数」，即 A 的 Z3 **轨道**。）
    判据：对一般 (eta, delta)，三点**互异**（1+1+1）；退化只在测度零处发生。

    实测（若干 (eta, delta)）：
    (eta, delta)           x_k                                划分        
    (0.0000, 0.0000)       [1.0, 1.0, 1.0]                    3         
    (0.7071, 0.2222)       [2.379438, 0.04035, 0.580212]      1+1+1     
    (0.7071, 0.0000)       [2.414214, 0.292893, 0.292893]     2+1       
    (0.5000, 1.0000)       [1.540302, 0.001114, 1.458584]     1+1+1     
    (0.9000, 2.5000)       [-0.442059, 0.788104, 2.653955]    1+1+1     

    ⇒ eta != 0 且 delta 不在特殊值时，三点互异 ⇒ **1+1+1 天然可达**。
    ⇒ 三档**不需要**新增第三个「档」；它来自 **Z3 这个群本身**（三点 = 群的三个位置）。
      上一轮判负的作用域因此得以精确化：
        「在**一条环的三条边**上用二值标号」不可达；
        但「在**三环的 Z3 挠子**上用 Z3 作用」是**天然三档**的。

==========================================================================================
PART E  Koide 定理：Q = 1/3 + (2/3)*eta^2 **与相位无关**；Q=2/3 <=> eta^2 = 1/2
==========================================================================================
E0  解析（可手算验证）：x_k = 1 + 2*eta*cos(delta + 2*pi*k/3)。
    因 sum_k cos(delta+2*pi*k/3) = 0、 sum_k cos^2(...) = 3/2：
        sum_k x_k   = 3
        sum_k x_k^2 = 3 + 4*eta^2*(3/2) = 3 + 6*eta^2
    Koide 组合 Q = (sum m)/( sum sqrt(m) )^2  取 m_k ~ x_k^2  ==>
        Q = (sum x_k^2)/(sum x_k)^2 = (3+6*eta^2)/9 = 1/3 + (2/3)*eta^2
    ⇒ **Q 只依赖 eta = |A|，完全不依赖相位 delta**（这是 Z3 不变量的直接后果）。
    ⇒ Q = 2/3  <=>  (2/3)*eta^2 = 1/3  <=>  eta^2 = 1/2  <=>  |A| = 1/sqrt(2)。

E1  等价链（同一个约束的五种语言）：
        Q = 2/3  <=>  eta^2 = 1/2  <=>  |A| = 1/sqrt(2)  <=>  与 (1,1,1) 夹角 = 45 度
                 <=>  Q 落在 Cauchy-Schwarz 区间 [1/3, 1] 的**正中点**

E2  实测（真实带电轻子质量，PDG）：
    输入                             Q                eta^2=(3Q-1)/2 偏差 vs 2/3      45度角        
    m_tau = 1776.86（归档口径）          0.666660511      0.499990767    -6.155e-06     44.9997     
    m_tau = 1776.93（2026 PDG 中心）   0.666664463      0.499996695    -2.203e-06     44.9999     

    ⇒ eta^2 = 1/2 在真实数据上成立到 3.30e-06（m_tau=1776.93 口径）。

E3  相位 delta 的测量（旁证，**须过 D1 纪律**）：
    由 u_k = (sqrt(m_k)/a0 - 1)/sqrt(2) = cos(delta + 2*pi*k/3)，
    取 DFT： z = sum_k u_k * w^{-k} = (3/2) e^{i*delta}  ⇒ delta = arg(z)（模 2*pi/3）。
    升序 (e,mu,tau)    delta (mod 2pi/3) = 0.222224762 rad   2/9 = 0.222222222   偏差 = +2.540e-06 (相对 +0.00114%)
    降序 (tau,mu,e)    delta (mod 2pi/3) = 1.872170340 rad   2/9 = 0.222222222   偏差 = +1.650e+00 (相对 +742.47665%)
    ⚠ D1 纪律：2/9 是**小分母有理数**，与 delta 的吻合**不得**当独立证据（会踩 D1 陷阱）。
      本轮只登记为**旁证**；且须注意 delta 本身是**规范量**（整体相移 = 三代置换）。

==========================================================================================
PART F  裁决与诚实边界
==========================================================================================
  1. 「三档」的数学名字是什么？
     判定：**Z3 = 三力性（triality）**
     依据：对偶 = 第 2 单位根（Z2）；三力性 = 第 3 单位根（Z3）。文献（McRae）原话；三代模型普遍用 Z3。

  2. Z3 在 SRE 里有原生归宿吗？
     判定：**有（结构级）**
     依据：闭态骨架 |Aut|=36 含 8 个三阶元；显式 phi: 环号 j->j+1（保边、阶 3）⇒ 三环 = Z3-挠子。

  3. 上一轮的 {1,1,1} 不可达被判负，矛盾吗？
     判定：**不矛盾，作用域不同**
     依据：判负限於「**一条环的三条边 + 二值标号**」；三档的正确载体是「**三环的 Z3 轨道**」，天然三值。

  4. Z3 能给出 Koide 吗？
     判定：**给出形状（定理级），不给值**
     依据：Q = 1/3 + (2/3)eta^2 **与相位无关**；Q=2/3 <=> eta^2=1/2。eta 的值仍须输入（= G12 连续侧）。

  5. SRE 基本二态与 Z3/Z2 的关系？
     判定：**闭->开 = Z3->Z2（结构级发现）**
     依据：闭态 |Aut|=36（Z3 完整）；开态 |Aut|=4（阶 3 元归零，三环裂为 2 轨道）⇒ 开态只剩 Z2。

总裁决（一句话）：
    「三档结构」有一个精确的数学归宿 —— **Z3 / 三力性**，它是项目已有 Z2（对偶 / Mobius 双覆盖）
    的**同族升格**（第 2 单位根 -> 第 3 单位根）；SRE 骨架**本身**就携带这个 Z3（三环 = Z3-挠子），
    而「闭 -> 开」这一基本二态**恰好**是 Z3 -> Z2 的破缺。⇒ 三代 = 三环的 Z3 轨道；
    三代的质量模式 = 一个复序参量在 Z3 上的轨道；Koide 的 Q=2/3 <=> |A| = 1/sqrt2（等分点）。

诚实边界（不可省）：
   1. 本报告全部为 **SRE 模型内部 / 图论与群论层面**的自洽陈述，不声称对现实物理的数值预言。
   2. 「Z3 是三代的结构」是**数学识别 + 文献共识**；SRE 视角下**新增的**是「骨架自带 Z3」与
      「闭->开 = Z3->Z2」两条**结构事实**，不是新的数值预言。
   3. **识别 ≠ 赋值**：Z3 给出「三代」的形状与 Koide 的函数形式，但**不给** eta 的值；
      eta^2 = 1/2 的**来源**仍未给出（候选：Z2 等分；须另证，见下一步）。
   4. 相位 delta ≈ 2/9 属**小分母有理数**（D1 陷阱），只作旁证；且 delta 是规范量。
   5. PART B2'' 的「边表示 1/3|2/3 + 顶点表示 1/2 => Q=2/3」链条**是候选不是结论**：
      三个比值全是小分母有理数（D1 陷阱），单独无判别力；登记的唯一理由是三者恰好拼成
      Q=1/3+(2/3)(1/2)=2/3。升级为结论必须**另找机制**（把「边/顶点表示」接到「m_k/序参量」上），
      否则与「整数 ≈ 整数」同型，不予采信。
   6. PART A 的 |H^1(G;Z3)| = 3^beta_1 只说明「Z3 覆盖/三力性在图上**存在**」；
      它**不**自动等于「物理上有三代」——「三代」仍须机制（Z3 挠子 + 序参量）。

已写出 _sre_triality_families.json
